Running HiGHS 1.12.0 (git hash: 755a8e0): Copyright (c) 2025 HiGHS under MIT licence terms
MIP has 34680 rows; 23016 cols; 141724 nonzeros; 4032 integer variables (4032 binary)
Coefficient ranges:
  Matrix  [1e+00, 2e+04]
  Cost    [1e+00, 1e+00]
  Bound   [9e-01, 7e+02]
  RHS     [1e+00, 1e+03]
Presolving model
34680 rows, 20739 cols, 136426 nonzeros  0s
29628 rows, 17664 cols, 132914 nonzeros  0s
Presolve reductions: rows 29628(-5052); columns 17664(-5352); nonzeros 132914(-8810) 

Solving MIP model with:
   29628 rows
   17664 cols (4032 binary, 0 integer, 0 implied int., 13632 continuous, 0 domain fixed)
   132914 nonzeros

Src: B => Branching; C => Central rounding; F => Feasibility pump; H => Heuristic;
     I => Shifting; J => Feasibility jump; L => Sub-MIP; P => Empty MIP; R => Randomized rounding;
     S => Solve LP; T => Evaluate node; U => Unbounded; X => User solution; Y => HiGHS solution;
     Z => ZI Round; l => Trivial lower; p => Trivial point; u => Trivial upper; z => Trivial zero

        Nodes      |    B&B Tree     |            Objective Bounds              |  Dynamic Constraints |       Work      
Src  Proc. InQueue |  Leaves   Expl. | BestBound       BestSol              Gap |   Cuts   InLp Confl. | LpIters     Time

         0       0         0   0.00%   -13122718.14703 inf                  inf        0      0      0         0     1.8s
         0       0         0   0.00%   23824.881499    inf                  inf        0      0      0     15152     6.2s
 C       0       0         0   0.00%   23825.586011    93246.87133       74.45%      222     17      7     15355    32.4s
         0       0         0   0.00%   23825.894236    93246.87133       74.45%      513     32      7     15478    37.6s
         0       0         0   0.00%   23826.187198    93246.87133       74.45%      716     31      7     15563    42.9s
         0       0         0   0.00%   23826.664486    93246.87133       74.45%      723     35      7     15661    48.2s
 L       0       0         0   0.00%   23826.792962    24447.665685       2.54%      590     30      7     15776    73.0s
 L       0       0         0   0.00%   23826.792999    24276.328376       1.85%      564     31      7     22071   108.3s

4.0% inactive integer columns, restarting
Model after restart has 28349 rows, 16746 cols (3867 bin., 0 int., 60 impl., 12819 cont., 0 dom.fix.), and 119992 nonzeros

         0       0         0   0.00%   23826.792999    24276.328376       1.85%       13      0      0     30717   109.9s
         0       0         0   0.00%   23826.792999    24276.328376       1.85%       13      5      7     34643   111.7s
        79       0         1   0.00%   23826.792999    24276.328376       1.85%       39      9     70     43373   147.4s
       172     121         5   0.00%   23827.204957    24276.328376       1.85%       60      9    222     53209   182.9s
       205     120         6   0.00%   23827.204957    24276.328376       1.85%       83     11    268     57683   202.5s
       222     120         7   0.00%   23827.204957    24276.328376       1.85%       87     11    276     62004   212.9s
       235     120         8   0.00%   23827.204957    24276.328376       1.85%       99     11    311     64370   223.0s
       242     121        13   0.00%   23827.204957    24276.328376       1.85%      108     11    344     66545   230.6s
       246     121        15   0.00%   23827.204957    24276.328376       1.85%      119     11    362     72184   241.7s
       249     121        17   0.00%   23827.204957    24276.328376       1.85%      136     11    386     75095   251.1s
       255     121        19   0.00%   23827.204957    24276.328376       1.85%      147     11    402     77975   260.0s
       257     121        21   0.00%   23827.204957    24276.328376       1.85%      162     11    423     80210   266.5s

        Nodes      |    B&B Tree     |            Objective Bounds              |  Dynamic Constraints |       Work      
Src  Proc. InQueue |  Leaves   Expl. | BestBound       BestSol              Gap |   Cuts   InLp Confl. | LpIters     Time

       268     121        25   0.00%   23827.204957    24276.328376       1.85%      173     11    444     82591   273.7s
 L     272     113        27   0.00%   23827.310874    24211.143072       1.59%      197     14    458     83724   312.8s
       307     113        28   0.00%   23827.310874    24211.143072       1.59%      202     14    494     97696   333.7s
       315     114        36   0.00%   23827.310874    24211.143072       1.59%      218     14    568     99451   339.2s
       320     114        39   0.00%   23827.310874    24211.143072       1.59%      232     14    621    102372   346.9s
       324     114        41   0.00%   23827.310874    24211.143072       1.59%      237     14    643    105175   352.6s
       330     115        44   0.00%   23827.310874    24211.143072       1.59%      246     14    676    108285   357.9s
       334     116        46   0.00%   23827.310874    24211.143072       1.59%      259     14    738    110544   363.9s
       340     116        49   0.00%   23827.310874    24211.143072       1.59%      266     14    770    113853   370.4s
       353     116        51   0.00%   23827.310874    24211.143072       1.59%      273     14    794    116923   377.6s
       361     117        54   0.00%   23827.310874    24211.143072       1.59%      284     14    819    119108   385.3s
       370     117        56   0.00%   23827.310874    24211.143072       1.59%      291     14    854    121456   391.6s
 L     374     150        58   0.00%   23827.310874    24209.455045       1.58%      278     16    876    122995   432.5s
       402     150        59   0.00%   23827.310874    24209.455045       1.58%      283     16    948    133859   442.7s
       406     150        61   0.00%   23827.310874    24209.455045       1.58%      294     16    974    135942   449.1s
       417     152        63   0.00%   23827.310874    24209.455045       1.58%      307     16   1065    138248   457.9s
       424     152        66   0.00%   23827.310874    24209.455045       1.58%      314     16   1096    140736   464.1s
       430     153        69   0.00%   23827.310874    24209.455045       1.58%      328     16   1175    142865   471.0s
       437     153        72   0.00%   23827.310874    24209.455045       1.58%      333     16   1216    144492   476.3s
       447     154        77   0.00%   23827.310874    24209.455045       1.58%      341     16   1343    146733   482.4s

        Nodes      |    B&B Tree     |            Objective Bounds              |  Dynamic Constraints |       Work      
Src  Proc. InQueue |  Leaves   Expl. | BestBound       BestSol              Gap |   Cuts   InLp Confl. | LpIters     Time

       457     155        81   0.00%   23827.310874    24209.455045       1.58%      349     16   1435    148788   487.8s
       466     157        86   0.00%   23827.310874    24209.455045       1.58%      355     16   1493    151086   492.8s
 L     475      87        89  25.05%   23827.310874    24024.798984       0.82%      346     14   1518    153563   527.1s
       502      88        90  25.05%   23827.310874    24024.798984       0.82%      350     14   1576    163373   541.1s
       509      88        93  25.05%   23827.310874    24024.798984       0.82%      359     14   1614    164852   546.2s
       515      89        96  25.05%   23827.310874    24024.798984       0.82%      364     14   1645    166466   551.7s
       522      89        99  25.05%   23827.310874    24024.798984       0.82%      372     14   1686    168289   557.0s
       534      90       104  25.05%   23827.310874    24024.798984       0.82%      386     14   1760    171010   564.7s
       544      91       108  25.05%   23827.310874    24024.798984       0.82%      400     14   1841    172553   570.1s
       552      92       112  25.05%   23827.310874    24024.798984       0.82%      407     14   1874    175030   575.1s
       563      92       118  25.05%   23827.310874    24024.798984       0.82%      416     14   1940    177666   581.2s
       574      92       123  25.05%   23827.310874    24024.798984       0.82%      426     14   1992    179679   586.3s
       600     118       125  25.05%   23827.310874    24024.798984       0.82%      487     15   2028    181497   592.0s
       613     118       131  25.05%   23827.310874    24024.798984       0.82%      495     15   2040    183635   597.5s
       619     142       134  25.05%   23827.310874    24024.798984       0.82%      499     15   2052    184735   600.1s

Solving report
  Status            Time limit reached
  Primal bound      24024.7989836
  Dual bound        23827.3108741
  Gap               0.822% (tolerance: 0%)
  P-D integral      38.8945973403
  Solution status   feasible
                    24024.7989836 (objective)
                    0 (bound viol.)
                    1.31006316906e-14 (int. viol.)
                    0 (row viol.)
  Timing            600.06
  Max sub-MIP depth 9
  Nodes             619
  Repair LPs        0
  LP iterations     184735
                    107814 (strong br.)
                    785 (separation)
                    39524 (heuristics)
