Running HiGHS 1.12.0 (git hash: 755a8e0): Copyright (c) 2025 HiGHS under MIT licence terms
LP has 34681 rows; 23016 cols; 145588 nonzeros
Coefficient ranges:
  Matrix  [1e+00, 2e+04]
  Cost    [0e+00, 0e+00]
  Bound   [1e-01, 7e+02]
  RHS     [1e+00, 4e+04]
Solving LP without presolve or useful basis
Using EKK dual simplex solver - serial
  Iteration        Objective     Infeasibilities num(sum)
          0    -4.5393232189e+00 Pr: 4200(8.94354e+06) 0s
       9520    -1.3953637065e-01 Pr: 886(34910.1); Du: 0(2.04022e-06) 6s
      11255    -1.3382971907e-01 Pr: 677(14489.1); Du: 0(1.69937e-06) 12s
      11966    -1.3126301688e-01 Pr: 506(5549.7); Du: 0(2.40801e-06) 19s
      12672    -1.2988714607e-01 Pr: 387(1654.66); Du: 0(1.77936e-06) 24s
      13358    -1.2956608050e-01 Pr: 0(0); Du: 0(2.70965e-06) 30s
      13358     0.0000000000e+00 Pr: 0(0) 30s

Model status        : Optimal
Simplex   iterations: 13358
Objective value     :  0.0000000000e+00
P-D objective error :  0.0000000000e+00
HiGHS run time      :         29.77
