Running HiGHS 1.12.0 (git hash: 755a8e0): Copyright (c) 2025 HiGHS under MIT licence terms
LP has 24305 rows; 18984 cols; 113500 nonzeros
Coefficient ranges:
  Matrix  [6e-03, 4e+02]
  Cost    [0e+00, 0e+00]
  Bound   [1e-01, 6e+02]
  RHS     [2e-01, 2e+03]
Solving LP without presolve or useful basis
Using EKK dual simplex solver - serial
  Iteration        Objective     Infeasibilities num(sum)
          0    -4.7397817996e-10 Pr: 201(33563.7) 1s
       3865     2.1251537580e-02 Pr: 588(6891.99); Du: 0(5.48122e-06) 6s
       4720     2.1327145126e-02 Pr: 551(7295.11); Du: 0(7.37803e-06) 12s
       5570     2.1359682296e-02 Pr: 522(2201.54); Du: 0(3.95217e-06) 17s
       6409     2.1377419636e-02 Pr: 329(1190.17); Du: 0(6.28803e-06) 22s
       6700     0.0000000000e+00 Pr: 0(0) 24s

Model status        : Optimal
Simplex   iterations: 6700
Objective value     :  0.0000000000e+00
P-D objective error :  0.0000000000e+00
HiGHS run time      :         24.42
