Running HiGHS 1.12.0 (git hash: 755a8e0): Copyright (c) 2025 HiGHS under MIT licence terms
LP has 24347 rows; 18985 cols; 124334 nonzeros
Coefficient ranges:
  Matrix  [6e-03, 7e+02]
  Cost    [1e+00, 1e+00]
  Bound   [1e-01, 6e+02]
  RHS     [2e-01, 2e+05]
Solving LP without presolve or useful basis
Using EKK dual simplex solver - serial
  Iteration        Objective     Infeasibilities num(sum)
          0    -3.3885231446e-10 Pr: 201(16056.6) 0s
       6102     1.0383047894e-04 Pr: 1412(42462.8); Du: 0(2.51212e-05) 5s
       7689     1.3605548104e-04 Pr: 1313(17032.4); Du: 0(2.04269e-05) 11s
       8579     3.0788314798e-04 Pr: 1282(91986.1); Du: 0(1.36129e-05) 17s
       9809     1.5773826988e-02 Pr: 1137(11095.4); Du: 0(1.89892e-05) 22s
      11686     2.0048032575e-02 Pr: 0(0) 26s

Model status        : Optimal
Simplex   iterations: 11686
Objective value     :  2.0048032575e-02
P-D objective error :  2.5951734836e-15
HiGHS run time      :         26.22
