Running HiGHS 1.12.0 (git hash: 755a8e0): Copyright (c) 2025 HiGHS under MIT licence terms
MIP has 34680 rows; 23016 cols; 141724 nonzeros; 4032 integer variables (4032 binary)
Coefficient ranges:
  Matrix  [1e+00, 2e+04]
  Cost    [1e+00, 1e+00]
  Bound   [1e+00, 7e+02]
  RHS     [1e+00, 2e+03]
Presolving model
34680 rows, 20742 cols, 136432 nonzeros  0s
29631 rows, 17667 cols, 132936 nonzeros  1s
Presolve reductions: rows 29631(-5049); columns 17667(-5349); nonzeros 132936(-8788) 

Solving MIP model with:
   29631 rows
   17667 cols (4032 binary, 0 integer, 0 implied int., 13635 continuous, 0 domain fixed)
   132936 nonzeros

Src: B => Branching; C => Central rounding; F => Feasibility pump; H => Heuristic;
     I => Shifting; J => Feasibility jump; L => Sub-MIP; P => Empty MIP; R => Randomized rounding;
     S => Solve LP; T => Evaluate node; U => Unbounded; X => User solution; Y => HiGHS solution;
     Z => ZI Round; l => Trivial lower; p => Trivial point; u => Trivial upper; z => Trivial zero

        Nodes      |    B&B Tree     |            Objective Bounds              |  Dynamic Constraints |       Work      
Src  Proc. InQueue |  Leaves   Expl. | BestBound       BestSol              Gap |   Cuts   InLp Confl. | LpIters     Time

         0       0         0   0.00%   -13079207.05708 inf                  inf        0      0      0         0     4.8s
         0       0         0   0.00%   25877.830964    inf                  inf        0      0      0     14236    11.1s
 C       0       0         0   0.00%   25877.830964    89836.772686      71.19%      127     10      0     14464    43.3s
 L       0       0         0   0.00%   25880.647222    26575.813211       2.62%      264     25      0     14698    85.5s
 L       0       0         0   0.00%   25880.647222    26572.27224        2.60%      264     25      0     24190   147.9s

4.0% inactive integer columns, restarting
Model after restart has 28473 rows, 16832 cols (3872 bin., 0 int., 4 impl., 12956 cont., 0 dom.fix.), and 120993 nonzeros

         0       0         0   0.00%   25880.647222    26572.27224        2.60%       14      0      0     35842   148.9s
         0       0         0   0.00%   25880.647222    26572.27224        2.60%       14      2      2     41773   151.2s
       157     156         1   0.00%   25880.647222    26572.27224        2.60%       95     12     35     62025   209.2s
 B     157     153         1   0.00%   25880.647222    26544.723502       2.50%      130     14    154     62058   270.6s
 T     157     153         1   0.00%   25880.647222    26544.311429       2.50%      131     14    154     62058   270.6s
       423     322         3   0.00%   25880.647222    26544.311429       2.50%      151     19    246     99538   306.5s
       480     414         6   0.00%   25880.647222    26544.311429       2.50%      154     19    314    104458   327.7s
       706     638         7   0.00%   25880.647222    26544.311429       2.50%      168     20    436    129620   417.6s
 B     706     188         7   0.00%   25880.647222    26269.053536       1.48%      189     21    477    129696   486.3s
       913     358         8   0.00%   25880.647222    26269.053536       1.48%      225     19    481    156687   506.8s
       929     358         9   0.00%   25880.647222    26269.053536       1.48%      229     19    508    160620   515.4s
      1022     486        10   0.00%   25880.647222    26269.053536       1.48%      236     19    535    165636   542.3s
      1023     486        11   0.00%   25880.647222    26269.053536       1.48%      232     20    535    177739   600.3s
      1023     486        11   0.00%   25880.647222    26269.053536       1.48%      232     20    535    177739   600.3s

Solving report
  Status            Time limit reached
  Primal bound      26269.0535365
  Dual bound        25880.647222
  Gap               1.48% (tolerance: 0%)
  P-D integral      41.9790062481
  Solution status   feasible
                    26269.0535365 (objective)
                    0 (bound viol.)
                    2.43064827525e-12 (int. viol.)
                    0 (row viol.)
  Timing            600.26
  Max sub-MIP depth 8
  Nodes             1023
  Repair LPs        0
  LP iterations     177739
                    87569 (strong br.)
                    1588 (separation)
                    32802 (heuristics)
