Running HiGHS 1.12.0 (git hash: 755a8e0): Copyright (c) 2025 HiGHS under MIT licence terms
LP has 24305 rows; 18984 cols; 113500 nonzeros
Coefficient ranges:
  Matrix  [6e-03, 4e+02]
  Cost    [0e+00, 0e+00]
  Bound   [1e-01, 6e+02]
  RHS     [2e-01, 2e+03]
Solving LP without presolve or useful basis
Using EKK dual simplex solver - serial
  Iteration        Objective     Infeasibilities num(sum)
          0    -4.8142240846e-10 Pr: 201(33563.7) 0s
       3799     2.1233917838e-02 Pr: 839(25691.6); Du: 0(3.13031e-06) 5s
       4923     2.1313489412e-02 Pr: 643(1781.41); Du: 0(5.69578e-06) 11s
       6143     2.1331064359e-02 Pr: 231(156.893); Du: 0(4.28274e-06) 16s
       6361     0.0000000000e+00 Pr: 0(0) 17s

Model status        : Optimal
Simplex   iterations: 6361
Objective value     :  0.0000000000e+00
P-D objective error :  0.0000000000e+00
HiGHS run time      :         18.07
