Running HiGHS 1.12.0 (git hash: 755a8e0): Copyright (c) 2025 HiGHS under MIT licence terms
MIP has 34680 rows; 23016 cols; 141724 nonzeros; 4032 integer variables (4032 binary)
Coefficient ranges:
  Matrix  [1e+00, 2e+04]
  Cost    [1e+00, 1e+00]
  Bound   [9e-01, 7e+02]
  RHS     [1e+00, 1e+03]
Presolving model
34680 rows, 20739 cols, 136426 nonzeros  0s
29628 rows, 17664 cols, 132916 nonzeros  0s
Presolve reductions: rows 29628(-5052); columns 17664(-5352); nonzeros 132916(-8808) 

Solving MIP model with:
   29628 rows
   17664 cols (4032 binary, 0 integer, 0 implied int., 13632 continuous, 0 domain fixed)
   132916 nonzeros

Src: B => Branching; C => Central rounding; F => Feasibility pump; H => Heuristic;
     I => Shifting; J => Feasibility jump; L => Sub-MIP; P => Empty MIP; R => Randomized rounding;
     S => Solve LP; T => Evaluate node; U => Unbounded; X => User solution; Y => HiGHS solution;
     Z => ZI Round; l => Trivial lower; p => Trivial point; u => Trivial upper; z => Trivial zero

        Nodes      |    B&B Tree     |            Objective Bounds              |  Dynamic Constraints |       Work      
Src  Proc. InQueue |  Leaves   Expl. | BestBound       BestSol              Gap |   Cuts   InLp Confl. | LpIters     Time

         0       0         0   0.00%   -13133500.34231 inf                  inf        0      0      0         0     3.2s
         0       0         0   0.00%   23532.980654    inf                  inf        0      0      0     14196     6.9s
 C       0       0         0   0.00%   23532.980654    45227.81517       47.97%       24      7      0     14241    34.2s
 L       0       0         0   0.00%   23532.980654    24267.503981       3.03%       27      8      0     14261    68.1s
 L       0       0         0   0.00%   23532.980654    24042.279043       2.12%       27      8      0     19929    98.8s

3.7% inactive integer columns, restarting
Model after restart has 28409 rows, 16787 cols (3881 bin., 0 int., 52 impl., 12854 cont., 0 dom.fix.), and 120582 nonzeros

         0       0         0   0.00%   23532.980654    24042.279043       2.12%        4      0      0     25341   100.1s
         0       0         0   0.00%   23532.980654    24042.279043       2.12%        4      3      3     29322   101.8s
         0       0         0   0.00%   23532.980654    24042.279043       2.12%       53      8      3     41841   202.1s
        89       0         1   0.00%   23532.980654    24042.279043       2.12%       57      8    116     48211   234.1s
        94       0         4   0.00%   23532.980654    24042.279043       2.12%       65      8    141     49665   240.2s
        99       0         7   0.00%   23532.980654    24042.279043       2.12%       71      8    180     51292   245.5s
       196      84         9   0.00%   23532.980654    24042.279043       2.12%       75      8    256     57200   273.5s
       220     181        11   0.00%   23532.980654    24042.279043       2.12%       86      8    295     60814   288.9s
       238     181        12   0.00%   23532.980654    24042.279043       2.12%       88      8    334     62699   298.9s
       271     181        15   0.00%   23532.980654    24042.279043       2.12%      106      8    393     67399   319.3s
       276     181        19   0.00%   23532.980654    24042.279043       2.12%      114      8    426     68549   325.5s
       284     182        22   0.00%   23532.980654    24042.279043       2.12%      122      8    480     69735   333.0s
       288     182        25   0.00%   23532.980654    24042.279043       2.12%      131      8    510     70749   338.3s
       292     182        27   0.00%   23532.980654    24042.279043       2.12%      138      8    537     71779   344.3s
       300     182        30   0.00%   23532.980654    24042.279043       2.12%      143      8    547     72906   352.2s

        Nodes      |    B&B Tree     |            Objective Bounds              |  Dynamic Constraints |       Work      
Src  Proc. InQueue |  Leaves   Expl. | BestBound       BestSol              Gap |   Cuts   InLp Confl. | LpIters     Time

       341     233        32   0.00%   23532.980654    24042.279043       2.12%      151      8    652     77120   379.5s
       352     234        33   0.00%   23532.980654    24042.279043       2.12%      163      8    694     79555   391.3s
       356     234        37   0.00%   23532.980654    24042.279043       2.12%      172      8    714     81186   397.8s
       359     235        39   0.00%   23532.980654    24042.279043       2.12%      176      8    729     82579   403.4s
       369     236        40   0.00%   23532.980654    24042.279043       2.12%      183      8    770     83814   410.7s
       372     236        42   0.00%   23532.980654    24042.279043       2.12%      191      8    792     85315   417.0s
       379     236        45   0.00%   23532.980654    24042.279043       2.12%      198      8    821     86997   423.5s
       385     237        48   0.00%   23532.980654    24042.279043       2.12%      201      8    860     88186   429.3s
       389     237        50   0.00%   23532.980654    24042.279043       2.12%      203      8    892     89442   435.5s
       396     237        53   0.00%   23532.980654    24042.279043       2.12%      208      8    925     91903   443.9s
       405     281        56   0.00%   23532.980654    24042.279043       2.12%      214      8    958     94156   452.4s
 L     405     224        56   0.00%   23532.980654    23952.175431       1.75%      214      9    959     94165   498.6s
       439     224        57   0.00%   23532.980654    23952.175431       1.75%      217      9   1032    106786   515.0s
       447     226        59   0.00%   23532.980654    23952.175431       1.75%      224      9   1065    110525   523.3s
       451     226        61   0.00%   23532.980654    23952.175431       1.75%      230      9   1098    113629   530.7s
       455     226        64   0.00%   23532.980654    23952.175431       1.75%      235      9   1148    115929   536.6s
       464     228        66   0.00%   23532.980654    23952.175431       1.75%      241      9   1204    119379   543.8s
       471     229        69   0.00%   23532.980654    23952.175431       1.75%      247      9   1251    122291   550.8s
       480     230        73   0.00%   23532.980654    23952.175431       1.75%      260      9   1299    124687   557.8s
       486     230        76   0.00%   23532.980654    23952.175431       1.75%      262      9   1335    126244   564.2s

        Nodes      |    B&B Tree     |            Objective Bounds              |  Dynamic Constraints |       Work      
Src  Proc. InQueue |  Leaves   Expl. | BestBound       BestSol              Gap |   Cuts   InLp Confl. | LpIters     Time

       499     230        80   0.00%   23532.980654    23952.175431       1.75%      275      9   1378    128430   573.4s
       508     268        84   0.00%   23532.980654    23952.175431       1.75%      285      9   1437    129462   578.9s
       509     268        85   0.00%   23532.980654    23952.175431       1.75%      277      9   1442    135208   600.2s
       509     268        85   0.00%   23532.980654    23952.175431       1.75%      277      9   1442    135208   600.2s

Solving report
  Status            Time limit reached
  Primal bound      23952.1754306
  Dual bound        23532.9806541
  Gap               1.75% (tolerance: 0%)
  P-D integral      27.4579496577
  Solution status   feasible
                    23952.1754306 (objective)
                    0 (bound viol.)
                    1.84297022088e-14 (int. viol.)
                    0 (row viol.)
  Timing            600.16
  Max sub-MIP depth 7
  Nodes             509
  Repair LPs        6 (6 feasible; 8658 iterations)
  LP iterations     135208
                    66544 (strong br.)
                    142 (separation)
                    37093 (heuristics)
