Running HiGHS 1.12.0 (git hash: 755a8e0): Copyright (c) 2025 HiGHS under MIT licence terms
MIP has 24290 rows; 18984 cols; 113500 nonzeros; 12096 integer variables (12048 binary)
Coefficient ranges:
  Matrix  [6e-03, 4e+02]
  Cost    [0e+00, 0e+00]
  Bound   [1e-01, 6e+02]
  RHS     [2e-01, 2e+03]
Presolving model
24281 rows, 16383 cols, 108394 nonzeros  0s
20843 rows, 13125 cols, 102015 nonzeros  0s
19215 rows, 13125 cols, 101511 nonzeros  0s
Presolve reductions: rows 19215(-5075); columns 13125(-5859); nonzeros 101511(-11989) 
Objective function is integral with scale 1

Solving MIP model with:
   19215 rows
   13125 cols (8790 binary, 0 integer, 0 implied int., 4335 continuous, 0 domain fixed)
   101511 nonzeros

Src: B => Branching; C => Central rounding; F => Feasibility pump; H => Heuristic;
     I => Shifting; J => Feasibility jump; L => Sub-MIP; P => Empty MIP; R => Randomized rounding;
     S => Solve LP; T => Evaluate node; U => Unbounded; X => User solution; Y => HiGHS solution;
     Z => ZI Round; l => Trivial lower; p => Trivial point; u => Trivial upper; z => Trivial zero

        Nodes      |    B&B Tree     |            Objective Bounds              |  Dynamic Constraints |       Work      
Src  Proc. InQueue |  Leaves   Expl. | BestBound       BestSol              Gap |   Cuts   InLp Confl. | LpIters     Time

         0       0         0   0.00%   0               inf                  inf        0      0      0         0     1.2s
         1       0         1 100.00%   inf             inf                  inf        0      0      0      4925     1.8s

Solving report
  Status            Infeasible
  Primal bound      inf
  Dual bound        inf
  Gap               inf
  P-D integral      0
  Solution status   -
  Timing            1.79
  Max sub-MIP depth 0
  Nodes             1
  Repair LPs        0
  LP iterations     4925
                    0 (strong br.)
                    0 (separation)
                    0 (heuristics)
