Running HiGHS 1.12.0 (git hash: 755a8e0): Copyright (c) 2025 HiGHS under MIT licence terms
MIP has 34680 rows; 23016 cols; 141724 nonzeros; 4032 integer variables (4032 binary)
Coefficient ranges:
  Matrix  [1e+00, 2e+04]
  Cost    [1e+00, 1e+00]
  Bound   [1e-01, 7e+02]
  RHS     [1e+00, 1e+03]
Presolving model
34680 rows, 20911 cols, 136770 nonzeros  0s
29872 rows, 17979 cols, 133270 nonzeros  1s
Presolve reductions: rows 29872(-4808); columns 17979(-5037); nonzeros 133270(-8454) 

Solving MIP model with:
   29872 rows
   17979 cols (4032 binary, 0 integer, 0 implied int., 13947 continuous, 0 domain fixed)
   133270 nonzeros

Src: B => Branching; C => Central rounding; F => Feasibility pump; H => Heuristic;
     I => Shifting; J => Feasibility jump; L => Sub-MIP; P => Empty MIP; R => Randomized rounding;
     S => Solve LP; T => Evaluate node; U => Unbounded; X => User solution; Y => HiGHS solution;
     Z => ZI Round; l => Trivial lower; p => Trivial point; u => Trivial upper; z => Trivial zero

        Nodes      |    B&B Tree     |            Objective Bounds              |  Dynamic Constraints |       Work      
Src  Proc. InQueue |  Leaves   Expl. | BestBound       BestSol              Gap |   Cuts   InLp Confl. | LpIters     Time

         0       0         0   0.00%   -11993212.70191 inf                  inf        0      0      0         0     4.1s
         0       0         0   0.00%   42978.418883    inf                  inf        0      0      0     17152    14.9s
         0       0         0   0.00%   42978.418883    inf                  inf       93      9      0     17478    20.2s
         0       0         0   0.00%   42978.418883    inf                  inf      115     12      6     17588    69.0s
         0       0         0   0.00%   42978.418883    inf                  inf      145     15      6     17658    74.3s
         0       0         0   0.00%   42978.418883    inf                  inf      171     21      6     17725    80.4s
 L       0       0         0   0.00%   42978.418883    52447.365209      18.05%      186     25      6     17788   107.7s
 L       0       0         0   0.00%   42978.418883    43774.718203       1.82%      186     13      6     24038   149.6s
       162     162         1   0.00%   42978.418883    43774.718203       1.82%      188     13     45     65945   300.2s
       162     162         1   0.00%   42978.418883    43774.718203       1.82%      188     13     45     65945   300.2s

Solving report
  Status            Time limit reached
  Primal bound      43774.7182029
  Dual bound        42978.4188829
  Gap               1.82% (tolerance: 0%)
  P-D integral      10.3014385056
  Solution status   feasible
                    43774.7182029 (objective)
                    0 (bound viol.)
                    1.17368740989e-13 (int. viol.)
                    0 (row viol.)
  Timing            300.21
  Max sub-MIP depth 2
  Nodes             162
  Repair LPs        0
  LP iterations     65945
                    26056 (strong br.)
                    636 (separation)
                    13969 (heuristics)
