Running HiGHS 1.12.0 (git hash: 755a8e0): Copyright (c) 2025 HiGHS under MIT licence terms
MIP has 34680 rows; 23016 cols; 141724 nonzeros; 4032 integer variables (4032 binary)
Coefficient ranges:
  Matrix  [1e+00, 2e+04]
  Cost    [1e+00, 1e+00]
  Bound   [1e-01, 7e+02]
  RHS     [1e+00, 1e+03]
Presolving model
34680 rows, 20911 cols, 136770 nonzeros  1s
29872 rows, 17979 cols, 133276 nonzeros  3s
Presolve reductions: rows 29872(-4808); columns 17979(-5037); nonzeros 133276(-8448) 

Solving MIP model with:
   29872 rows
   17979 cols (4032 binary, 0 integer, 0 implied int., 13947 continuous, 0 domain fixed)
   133276 nonzeros

Src: B => Branching; C => Central rounding; F => Feasibility pump; H => Heuristic;
     I => Shifting; J => Feasibility jump; L => Sub-MIP; P => Empty MIP; R => Randomized rounding;
     S => Solve LP; T => Evaluate node; U => Unbounded; X => User solution; Y => HiGHS solution;
     Z => ZI Round; l => Trivial lower; p => Trivial point; u => Trivial upper; z => Trivial zero

        Nodes      |    B&B Tree     |            Objective Bounds              |  Dynamic Constraints |       Work      
Src  Proc. InQueue |  Leaves   Expl. | BestBound       BestSol              Gap |   Cuts   InLp Confl. | LpIters     Time

         0       0         0   0.00%   -11997474.11824 inf                  inf        0      0      0         0    14.9s
         0       0         0   0.00%   42178.564764    inf                  inf        0      0      0     14233    38.6s
         0       0         0   0.00%   42178.564764    inf                  inf       42      3      0     14676    45.3s
         0       0         0   0.00%   42178.564764    inf                  inf      119     14      0     15030    55.6s
         0       0         0   0.00%   42178.564764    inf                  inf      136     17      9     15405   181.3s
 L       0       0         0   0.00%   42178.564764    42977.34621        1.86%      136     17      9     15405   222.6s

4.1% inactive integer columns, restarting
Model after restart has 28420 rows, 16898 cols (3867 bin., 0 int., 1 impl., 13030 cont., 0 dom.fix.), and 119903 nonzeros

         0       0         0   0.00%   42178.564764    42977.34621        1.86%       17      0      0     23116   226.6s
         0       0         0   0.00%   42178.564764    42977.34621        1.86%       17      4      3     33525   245.6s
         0       0         0   0.00%   42178.564764    42977.34621        1.86%       97     14      3     34065   251.8s
 L       0       0         0   0.00%   42178.564764    42703.842794       1.23%       97     14      3     34065   375.5s
       192     192         1   0.00%   42178.564764    42703.842794       1.23%      107     11     93     61556   601.0s
       192     192         1   0.00%   42178.564764    42703.842794       1.23%      107     11     93     61556   601.0s

Solving report
  Status            Time limit reached
  Primal bound      42703.8427944
  Dual bound        42178.5647644
  Gap               1.23% (tolerance: 0%)
  P-D integral      5.61575408437
  Solution status   feasible
                    42703.8427944 (objective)
                    0 (bound viol.)
                    1.55431223448e-15 (int. viol.)
                    0 (row viol.)
  Timing            601.04
  Max sub-MIP depth 4
  Nodes             192
  Repair LPs        0
  LP iterations     61556
                    5157 (strong br.)
                    1874 (separation)
                    17660 (heuristics)
