Running HiGHS 1.12.0 (git hash: 755a8e0): Copyright (c) 2025 HiGHS under MIT licence terms
MIP has 34680 rows; 23016 cols; 141724 nonzeros; 12096 integer variables (12048 binary)
Coefficient ranges:
  Matrix  [1e+00, 2e+04]
  Cost    [1e+00, 1e+00]
  Bound   [1e-01, 6e+02]
  RHS     [1e+00, 2e+03]
Presolving model
34680 rows, 20830 cols, 136608 nonzeros  1s
29692 rows, 16346 cols, 145717 nonzeros  2s
26440 rows, 15230 cols, 142508 nonzeros  8s
Presolve reductions: rows 26440(-8240); columns 15230(-7786); nonzeros 142508(+784) 

Solving MIP model with:
   26440 rows
   15230 cols (9846 binary, 0 integer, 0 implied int., 5384 continuous, 0 domain fixed)
   142508 nonzeros

Src: B => Branching; C => Central rounding; F => Feasibility pump; H => Heuristic;
     I => Shifting; J => Feasibility jump; L => Sub-MIP; P => Empty MIP; R => Randomized rounding;
     S => Solve LP; T => Evaluate node; U => Unbounded; X => User solution; Y => HiGHS solution;
     Z => ZI Round; l => Trivial lower; p => Trivial point; u => Trivial upper; z => Trivial zero

        Nodes      |    B&B Tree     |            Objective Bounds              |  Dynamic Constraints |       Work      
Src  Proc. InQueue |  Leaves   Expl. | BestBound       BestSol              Gap |   Cuts   InLp Confl. | LpIters     Time

         0       0         0   0.00%   -15639885.9272  inf                  inf        0      0      0         0    11.7s
         0       0         0   0.00%   123931.337449   inf                  inf        0      0      2     16158    33.4s
         0       0         0   0.00%   123931.337449   inf                  inf      143      7      4     16518    39.1s
         0       0         0   0.00%   123931.337449   inf                  inf      378     16      8     17807    48.7s
         0       0         0   0.00%   123931.337449   inf                  inf      434     18    107     18000   128.5s

Solving report
  Status            Time limit reached
  Primal bound      inf
  Dual bound        123931.337449
  Gap               inf
  P-D integral      0
  Solution status   -
  Timing            128.54
  Max sub-MIP depth 0
  Nodes             0
  Repair LPs        0
  LP iterations     18000
                    0 (strong br.)
                    1842 (separation)
                    0 (heuristics)
