Running HiGHS 1.12.0 (git hash: 755a8e0): Copyright (c) 2025 HiGHS under MIT licence terms
MIP has 34681 rows; 23016 cols; 145588 nonzeros; 4032 integer variables (4032 binary)
Coefficient ranges:
  Matrix  [1e+00, 2e+04]
  Cost    [0e+00, 0e+00]
  Bound   [1e-01, 6e+02]
  RHS     [1e+00, 1e+05]
Presolving model
34681 rows, 20830 cols, 140472 nonzeros  0s
29906 rows, 17995 cols, 134667 nonzeros  0s
Presolve reductions: rows 29906(-4775); columns 17995(-5021); nonzeros 134667(-10921) 
Objective function is integral with scale 1

Solving MIP model with:
   29906 rows
   17995 cols (4032 binary, 0 integer, 0 implied int., 13963 continuous, 0 domain fixed)
   134667 nonzeros

Src: B => Branching; C => Central rounding; F => Feasibility pump; H => Heuristic;
     I => Shifting; J => Feasibility jump; L => Sub-MIP; P => Empty MIP; R => Randomized rounding;
     S => Solve LP; T => Evaluate node; U => Unbounded; X => User solution; Y => HiGHS solution;
     Z => ZI Round; l => Trivial lower; p => Trivial point; u => Trivial upper; z => Trivial zero

        Nodes      |    B&B Tree     |            Objective Bounds              |  Dynamic Constraints |       Work      
Src  Proc. InQueue |  Leaves   Expl. | BestBound       BestSol              Gap |   Cuts   InLp Confl. | LpIters     Time

         0       0         0   0.00%   0               inf                  inf        0      0      0         0     3.0s
         0       0         0   0.00%   0               inf                  inf        0      0      0     12881    25.3s
         0       0         0   0.00%   0               inf                  inf      169     21      0     13211    31.1s
         0       0         0   0.00%   0               inf                  inf      246     26      0     13389    36.4s
         0       0         0   0.00%   0               inf                  inf      298     29      0     13521    42.8s
         0       0         0   0.00%   0               inf                  inf      345     34      3     13805    48.3s
         0       0         0   0.00%   0               inf                  inf      381     36     63     13974   128.4s
         0       0         0   0.00%   0               inf                  inf      398     39     63     13993   134.7s
         0       0         0   0.00%   0               inf                  inf      417     41     63     14008   141.0s
         0       0         0   0.00%   0               inf                  inf      419     44     63     14047   146.4s
         0       0         0   0.00%   0               inf                  inf      419     45     63     14060   153.6s
         0       0         0   0.00%   0               inf                  inf      427     46     63     14069   158.9s
         0       0         0   0.00%   0               inf                  inf      430     47     63     14070   165.8s
         0       0         0   0.00%   0               inf                  inf      430     48     66     14096   172.6s
         0       0         0   0.00%   0               inf                  inf      430     48     66     32878   300.1s

Solving report
  Status            Time limit reached
  Primal bound      inf
  Dual bound        0
  Gap               inf
  P-D integral      0
  Solution status   -
  Timing            300.13
  Max sub-MIP depth 4
  Nodes             0
  Repair LPs        0
  LP iterations     32878
                    0 (strong br.)
                    1215 (separation)
                    18782 (heuristics)
