Running HiGHS 1.12.0 (git hash: 755a8e0): Copyright (c) 2025 HiGHS under MIT licence terms
MIP has 34680 rows; 23016 cols; 141724 nonzeros; 12096 integer variables (12048 binary)
Coefficient ranges:
  Matrix  [1e+00, 2e+04]
  Cost    [1e+00, 1e+00]
  Bound   [1e-01, 7e+02]
  RHS     [1e+00, 1e+03]
Presolving model
34680 rows, 20911 cols, 136770 nonzeros  0s
29676 rows, 16411 cols, 146158 nonzeros  1s
26477 rows, 15291 cols, 142836 nonzeros  2s
Presolve reductions: rows 26477(-8203); columns 15291(-7725); nonzeros 142836(+1112) 

Solving MIP model with:
   26477 rows
   15291 cols (9846 binary, 0 integer, 0 implied int., 5445 continuous, 0 domain fixed)
   142836 nonzeros

Src: B => Branching; C => Central rounding; F => Feasibility pump; H => Heuristic;
     I => Shifting; J => Feasibility jump; L => Sub-MIP; P => Empty MIP; R => Randomized rounding;
     S => Solve LP; T => Evaluate node; U => Unbounded; X => User solution; Y => HiGHS solution;
     Z => ZI Round; l => Trivial lower; p => Trivial point; u => Trivial upper; z => Trivial zero

        Nodes      |    B&B Tree     |            Objective Bounds              |  Dynamic Constraints |       Work      
Src  Proc. InQueue |  Leaves   Expl. | BestBound       BestSol              Gap |   Cuts   InLp Confl. | LpIters     Time

         0       0         0   0.00%   -15282268.75909 inf                  inf        0      0      0         0     4.3s
         0       0         0   0.00%   42178.564764    inf                  inf        0      0      2     12449     7.6s
         0       0         0   0.00%   42178.564764    inf                  inf       87      7     11     13031    12.9s
         0       0         0   0.00%   42178.564764    inf                  inf       87      7    145     13031    46.3s
         0       0         0   0.00%   42178.564764    inf                  inf       87      7    145     17525   121.2s

Solving report
  Status            Time limit reached
  Primal bound      inf
  Dual bound        42178.5647644
  Gap               inf
  P-D integral      0
  Solution status   -
  Timing            121.18
  Max sub-MIP depth 2
  Nodes             0
  Repair LPs        0
  LP iterations     17525
                    0 (strong br.)
                    582 (separation)
                    4494 (heuristics)
