Running HiGHS 1.12.0 (git hash: 755a8e0): Copyright (c) 2025 HiGHS under MIT licence terms
LP has 24305 rows; 18984 cols; 113500 nonzeros
Coefficient ranges:
  Matrix  [6e-03, 4e+02]
  Cost    [0e+00, 0e+00]
  Bound   [1e-01, 6e+02]
  RHS     [2e-01, 2e+03]
Solving LP without presolve or useful basis
Using EKK dual simplex solver - serial
  Iteration        Objective     Infeasibilities num(sum)
          0    -4.7421768140e-10 Pr: 201(33563.7) 0s
       6570     0.0000000000e+00 Pr: 0(0) 3s

Model status        : Optimal
Simplex   iterations: 6570
Objective value     :  0.0000000000e+00
P-D objective error :  0.0000000000e+00
HiGHS run time      :          2.83
Running HiGHS 1.12.0 (git hash: 755a8e0): Copyright (c) 2025 HiGHS under MIT licence terms
LP has 24305 rows; 18984 cols; 113500 nonzeros
Coefficient ranges:
  Matrix  [6e-03, 4e+02]
  Cost    [0e+00, 0e+00]
  Bound   [1e-01, 6e+02]
  RHS     [2e-01, 2e+03]
Solving LP without presolve or useful basis
Using EKK dual simplex solver - serial
  Iteration        Objective     Infeasibilities num(sum)
          0    -4.7421768140e-10 Pr: 201(33563.7) 0s
       6570     0.0000000000e+00 Pr: 0(0) 2s

Model status        : Optimal
Simplex   iterations: 6570
Objective value     :  0.0000000000e+00
P-D objective error :  0.0000000000e+00
HiGHS run time      :          2.41
