Running HiGHS 1.12.0 (git hash: 755a8e0): Copyright (c) 2025 HiGHS under MIT licence terms
MIP has 34681 rows; 23016 cols; 145588 nonzeros; 4032 integer variables (4032 binary)
Coefficient ranges:
  Matrix  [1e+00, 2e+04]
  Cost    [0e+00, 0e+00]
  Bound   [1e-01, 6e+02]
  RHS     [1e+00, 2e+05]
Presolving model
34681 rows, 20962 cols, 140736 nonzeros  1s
29959 rows, 18108 cols, 135045 nonzeros  4s
Presolve reductions: rows 29959(-4722); columns 18108(-4908); nonzeros 135045(-10543) 
Objective function is integral with scale 1

Solving MIP model with:
   29959 rows
   18108 cols (4032 binary, 0 integer, 0 implied int., 14076 continuous, 0 domain fixed)
   135045 nonzeros

Src: B => Branching; C => Central rounding; F => Feasibility pump; H => Heuristic;
     I => Shifting; J => Feasibility jump; L => Sub-MIP; P => Empty MIP; R => Randomized rounding;
     S => Solve LP; T => Evaluate node; U => Unbounded; X => User solution; Y => HiGHS solution;
     Z => ZI Round; l => Trivial lower; p => Trivial point; u => Trivial upper; z => Trivial zero

        Nodes      |    B&B Tree     |            Objective Bounds              |  Dynamic Constraints |       Work      
Src  Proc. InQueue |  Leaves   Expl. | BestBound       BestSol              Gap |   Cuts   InLp Confl. | LpIters     Time

         0       0         0   0.00%   0               inf                  inf        0      0      0         0    15.9s
         0       0         0   0.00%   0               inf                  inf        0      0      0     11530   118.6s
         0       0         0   0.00%   0               inf                  inf      154     10      2     11667   129.9s
         0       0         0   0.00%   0               inf                  inf      204     49      2     11925   146.8s
         0       0         0   0.00%   0               inf                  inf      216     53      2     11980   164.9s
         0       0         0   0.00%   0               inf                  inf      233     54      2     12055   179.5s
         0       0         0   0.00%   0               inf                  inf      257     63      4     12166   473.1s
         0       0         0   0.00%   0               inf                  inf      307     66      4     12218   488.5s
         0       0         0   0.00%   0               inf                  inf      372     68      4     12272   500.9s
         0       0         0   0.00%   0               inf                  inf      385     69      7     12289   522.0s
         0       0         0   0.00%   0               inf                  inf      395     70      7     12296   544.7s
         0       0         0   0.00%   0               inf                  inf      431     76      7     12330   566.9s
         0       0         0   0.00%   0               inf                  inf      442     79      7     12348   589.3s
         0       0         0   0.00%   0               inf                  inf      444     83      7     12348   601.1s
         0       0         0   0.00%   0               inf                  inf      444     83      7     12348   601.1s

Solving report
  Status            Time limit reached
  Primal bound      inf
  Dual bound        0
  Gap               inf
  P-D integral      0
  Solution status   -
  Timing            601.10
  Max sub-MIP depth 0
  Nodes             0
  Repair LPs        0
  LP iterations     12348
                    0 (strong br.)
                    818 (separation)
                    0 (heuristics)
