Running HiGHS 1.12.0 (git hash: 755a8e0): Copyright (c) 2025 HiGHS under MIT licence terms
LP has 18313 rows; 18984 cols; 65232 nonzeros
Coefficient ranges:
  Matrix  [6e-03, 4e+02]
  Cost    [0e+00, 0e+00]
  Bound   [1e-01, 6e+02]
  RHS     [2e-01, 2e+03]
Solving LP without presolve or useful basis
Using EKK dual simplex solver - serial
  Iteration        Objective     Infeasibilities num(sum)
          0    -2.4946838443e-10 Pr: 201(33563.7) 0s
       3412     2.0971073543e-02 Pr: 583(14801.7); Du: 0(3.29475e-06) 7s
       4041     2.1048451830e-02 Pr: 434(4430.24); Du: 0(5.96778e-06) 12s
       5035     2.1097688390e-02 Pr: 309(897.494); Du: 0(6.52435e-06) 18s
       6545     2.1131088911e-02 Pr: 135(71.9275); Du: 0(5.30955e-06) 24s
       6712     0.0000000000e+00 Pr: 0(0) 28s

Model status        : Optimal
Simplex   iterations: 6712
Objective value     :  0.0000000000e+00
P-D objective error :  0.0000000000e+00
HiGHS run time      :         28.07
