Running HiGHS 1.12.0 (git hash: 755a8e0): Copyright (c) 2025 HiGHS under MIT licence terms
MIP has 34680 rows; 23016 cols; 141724 nonzeros; 4032 integer variables (4032 binary)
Coefficient ranges:
  Matrix  [1e+00, 2e+04]
  Cost    [1e+00, 1e+00]
  Bound   [9e-01, 7e+02]
  RHS     [1e+00, 1e+03]
Presolving model
34680 rows, 20739 cols, 136426 nonzeros  0s
29627 rows, 17663 cols, 132919 nonzeros  2s
Presolve reductions: rows 29627(-5053); columns 17663(-5353); nonzeros 132919(-8805) 

Solving MIP model with:
   29627 rows
   17663 cols (4032 binary, 0 integer, 0 implied int., 13631 continuous, 0 domain fixed)
   132919 nonzeros

Src: B => Branching; C => Central rounding; F => Feasibility pump; H => Heuristic;
     I => Shifting; J => Feasibility jump; L => Sub-MIP; P => Empty MIP; R => Randomized rounding;
     S => Solve LP; T => Evaluate node; U => Unbounded; X => User solution; Y => HiGHS solution;
     Z => ZI Round; l => Trivial lower; p => Trivial point; u => Trivial upper; z => Trivial zero

        Nodes      |    B&B Tree     |            Objective Bounds              |  Dynamic Constraints |       Work      
Src  Proc. InQueue |  Leaves   Expl. | BestBound       BestSol              Gap |   Cuts   InLp Confl. | LpIters     Time

         0       0         0   0.00%   -13139113.8694  inf                  inf        0      0      0         0     7.4s
         0       0         0   0.00%   25106.092974    inf                  inf        0      0      0     13377    14.0s
         0       0         0   0.00%   25106.092974    inf                  inf       36      9      0     13400    20.7s
         0       0         0   0.00%   25106.092974    inf                  inf       44     11      0     13410    26.6s
 C       0       0         0   0.00%   25106.092974    89905.242186      72.07%       51     12     14     13415    73.0s
         0       0         0   0.00%   25107.544219    89905.242186      72.07%       88     17     14     13472    78.4s
         0       0         0   0.00%   25108.014653    89905.242186      72.07%      164     26     14     13589    84.2s
         0       0         0   0.00%   25108.035446    89905.242186      72.07%      224     27     14     13620    89.9s
         0       0         0   0.00%   25108.325432    89905.242186      72.07%      303     23     14     13667    95.5s
         0       0         0   0.00%   25108.36015     89905.242186      72.07%      297     26     14     13691   101.6s
 L       0       0         0   0.00%   25108.36015     30696.218999      18.20%      288     27     14     13692   174.9s
 L       0       0         0   0.00%   25108.36015     25693.28691        2.28%      288     27     14     21916   239.4s

3.2% inactive integer columns, restarting
Model after restart has 28537 rows, 16871 cols (3902 bin., 0 int., 36 impl., 12933 cont., 0 dom.fix.), and 121591 nonzeros

         0       0         0   0.00%   25108.36015     25693.28691        2.28%       15      0      0     29119   242.1s
         0       0         0   0.00%   25108.36015     25693.28691        2.28%       15     13      2     33451   246.5s
        90       0         1   0.00%   25108.36015     25693.28691        2.28%       63     16    132     43366   341.3s
        92       0         3   0.00%   25108.36015     25693.28691        2.28%       68     16    158     43866   349.1s
       107     100         4   0.00%   25110.049372    25693.28691        2.27%       78     16    204     45712   368.9s
       185      99         5   0.00%   25110.049372    25693.28691        2.27%       85     17    288     54558   439.8s
       210     197         7   0.00%   25110.049372    25693.28691        2.27%       97     17    323     56121   460.0s
       266     196         8   0.00%   25110.049372    25693.28691        2.27%      104     18    426     63901   599.2s

        Nodes      |    B&B Tree     |            Objective Bounds              |  Dynamic Constraints |       Work      
Src  Proc. InQueue |  Leaves   Expl. | BestBound       BestSol              Gap |   Cuts   InLp Confl. | LpIters     Time

       267     251         9   0.00%   25110.049372    25693.28691        2.27%      104     18    426     63901   600.1s

Solving report
  Status            Time limit reached
  Primal bound      25693.2869096
  Dual bound        25110.0493721
  Gap               2.27% (tolerance: 0%)
  P-D integral      93.3206303681
  Solution status   feasible
                    25693.2869096 (objective)
                    0 (bound viol.)
                    1.02478276256e-14 (int. viol.)
                    0 (row viol.)
  Timing            600.13
  Max sub-MIP depth 2
  Nodes             267
  Repair LPs        0
  LP iterations     63901
                    23290 (strong br.)
                    411 (separation)
                    15427 (heuristics)
