Running HiGHS 1.12.0 (git hash: 755a8e0): Copyright (c) 2025 HiGHS under MIT licence terms
MIP has 24305 rows; 18984 cols; 113500 nonzeros; 12096 integer variables (12048 binary)
Coefficient ranges:
  Matrix  [6e-03, 4e+02]
  Cost    [0e+00, 0e+00]
  Bound   [1e-01, 6e+02]
  RHS     [2e-01, 2e+03]
Presolving model
22281 rows, 15043 cols, 101715 nonzeros  0s
19078 rows, 11990 cols, 94489 nonzeros  2s
17450 rows, 11990 cols, 93985 nonzeros  3s
Presolve reductions: rows 17450(-6855); columns 11990(-6994); nonzeros 93985(-19515) 
Objective function is integral with scale 1

Solving MIP model with:
   17450 rows
   11990 cols (7991 binary, 0 integer, 0 implied int., 3999 continuous, 0 domain fixed)
   93985 nonzeros

Src: B => Branching; C => Central rounding; F => Feasibility pump; H => Heuristic;
     I => Shifting; J => Feasibility jump; L => Sub-MIP; P => Empty MIP; R => Randomized rounding;
     S => Solve LP; T => Evaluate node; U => Unbounded; X => User solution; Y => HiGHS solution;
     Z => ZI Round; l => Trivial lower; p => Trivial point; u => Trivial upper; z => Trivial zero

        Nodes      |    B&B Tree     |            Objective Bounds              |  Dynamic Constraints |       Work      
Src  Proc. InQueue |  Leaves   Expl. | BestBound       BestSol              Gap |   Cuts   InLp Confl. | LpIters     Time

         0       0         0   0.00%   0               inf                  inf        0      0      0         0     7.4s
         0       0         0   0.00%   0               inf                  inf        0      0      3      5073    11.9s
         0       0         0   0.00%   0               inf                  inf     1093    121      6      6268    19.7s
         0       0         0   0.00%   0               inf                  inf     2079    228     11      7345    30.0s
         0       0         0   0.00%   0               inf                  inf     2846    317     13      8013    43.1s
         0       0         0   0.00%   0               inf                  inf     3648    392     17      8148    60.7s

Solving report
  Status            Time limit reached
  Primal bound      inf
  Dual bound        0
  Gap               inf
  P-D integral      0
  Solution status   -
  Timing            60.67
  Max sub-MIP depth 0
  Nodes             0
  Repair LPs        0
  LP iterations     8148
                    0 (strong br.)
                    3075 (separation)
                    0 (heuristics)
