Running HiGHS 1.12.0 (git hash: 755a8e0): Copyright (c) 2025 HiGHS under MIT licence terms
MIP has 34681 rows; 23016 cols; 145588 nonzeros; 12096 integer variables (12048 binary)
Coefficient ranges:
  Matrix  [1e+00, 2e+04]
  Cost    [0e+00, 0e+00]
  Bound   [1e-01, 6e+02]
  RHS     [1e+00, 2e+05]
Presolving model
34681 rows, 20962 cols, 140736 nonzeros  0s
30168 rows, 16953 cols, 149768 nonzeros  0s
26766 rows, 15571 cols, 144749 nonzeros  2s
Presolve reductions: rows 26766(-7915); columns 15571(-7445); nonzeros 144749(-839) 
Objective function is integral with scale 1

Solving MIP model with:
   26766 rows
   15571 cols (9834 binary, 0 integer, 0 implied int., 5737 continuous, 0 domain fixed)
   144749 nonzeros

Src: B => Branching; C => Central rounding; F => Feasibility pump; H => Heuristic;
     I => Shifting; J => Feasibility jump; L => Sub-MIP; P => Empty MIP; R => Randomized rounding;
     S => Solve LP; T => Evaluate node; U => Unbounded; X => User solution; Y => HiGHS solution;
     Z => ZI Round; l => Trivial lower; p => Trivial point; u => Trivial upper; z => Trivial zero

        Nodes      |    B&B Tree     |            Objective Bounds              |  Dynamic Constraints |       Work      
Src  Proc. InQueue |  Leaves   Expl. | BestBound       BestSol              Gap |   Cuts   InLp Confl. | LpIters     Time

         0       0         0   0.00%   0               inf                  inf        0      0      0         0     8.5s
         0       0         0   0.00%   0               inf                  inf        0      0      2     11400    56.9s
         0       0         0   0.00%   0               inf                  inf      558     67      4     11599    62.2s
         0       0         0   0.00%   0               inf                  inf      714     78      8     11780    71.7s
         0       0         0   0.00%   0               inf                  inf      809     83    114     11809   127.8s

Solving report
  Status            Time limit reached
  Primal bound      inf
  Dual bound        0
  Gap               inf
  P-D integral      0
  Solution status   -
  Timing            127.76
  Max sub-MIP depth 0
  Nodes             0
  Repair LPs        0
  LP iterations     11809
                    0 (strong br.)
                    409 (separation)
                    0 (heuristics)
