Running HiGHS 1.12.0 (git hash: 755a8e0): Copyright (c) 2025 HiGHS under MIT licence terms
LP has 24347 rows; 18985 cols; 124334 nonzeros
Coefficient ranges:
  Matrix  [6e-03, 7e+02]
  Cost    [1e+00, 1e+00]
  Bound   [1e-01, 6e+02]
  RHS     [2e-01, 2e+05]
Solving LP without presolve or useful basis
Using EKK dual simplex solver - serial
  Iteration        Objective     Infeasibilities num(sum)
          0    -3.5228629129e-10 Pr: 201(16056.6) 0s
       7289     7.4395080469e-05 Pr: 1194(24582.9); Du: 0(2.42321e-05) 5s
       9715     1.3962156221e-02 Pr: 722(2161.17); Du: 0(1.50176e-05) 10s
      10551     1.5227588586e-02 Pr: 0(0) 12s
      10551     1.5227588586e-02 Pr: 0(0) 12s

Model status        : Optimal
Simplex   iterations: 10551
Objective value     :  1.5227588586e-02
P-D objective error :  1.6329499904e-16
HiGHS run time      :         12.01
