Running HiGHS 1.12.0 (git hash: 755a8e0): Copyright (c) 2025 HiGHS under MIT licence terms
LP has 24305 rows; 18984 cols; 113500 nonzeros
Coefficient ranges:
  Matrix  [6e-03, 4e+02]
  Cost    [0e+00, 0e+00]
  Bound   [1e-01, 6e+02]
  RHS     [2e-01, 2e+03]
Solving LP without presolve or useful basis
Using EKK dual simplex solver - serial
  Iteration        Objective     Infeasibilities num(sum)
          0    -4.6857060880e-10 Pr: 201(33563.7) 0s
       3685     2.1159836031e-02 Pr: 1043(31842.3); Du: 0(4.23215e-06) 6s
       4051     2.1215199451e-02 Pr: 701(8485.03); Du: 0(5.06129e-06) 16s
       4584     2.1269651828e-02 Pr: 819(11398.4); Du: 0(3.56406e-06) 24s
       5057     2.1303369661e-02 30s

Model status        : Time limit reached
Simplex   iterations: 5057
Objective value     :  0.0000000000e+00
P-D objective error :  0.0000000000e+00
HiGHS run time      :         30.11
