Running HiGHS 1.12.0 (git hash: 755a8e0): Copyright (c) 2025 HiGHS under MIT licence terms
MIP has 34681 rows; 23016 cols; 145588 nonzeros; 4032 integer variables (4032 binary)
Coefficient ranges:
  Matrix  [1e+00, 2e+04]
  Cost    [0e+00, 0e+00]
  Bound   [9e-01, 7e+02]
  RHS     [1e+00, 2e+04]
Presolving model
34681 rows, 20739 cols, 140290 nonzeros  0s
29890 rows, 17925 cols, 134605 nonzeros  2s
Presolve reductions: rows 29890(-4791); columns 17925(-5091); nonzeros 134605(-10983) 
Objective function is integral with scale 1

Solving MIP model with:
   29890 rows
   17925 cols (4032 binary, 0 integer, 0 implied int., 13893 continuous, 0 domain fixed)
   134605 nonzeros

Src: B => Branching; C => Central rounding; F => Feasibility pump; H => Heuristic;
     I => Shifting; J => Feasibility jump; L => Sub-MIP; P => Empty MIP; R => Randomized rounding;
     S => Solve LP; T => Evaluate node; U => Unbounded; X => User solution; Y => HiGHS solution;
     Z => ZI Round; l => Trivial lower; p => Trivial point; u => Trivial upper; z => Trivial zero

        Nodes      |    B&B Tree     |            Objective Bounds              |  Dynamic Constraints |       Work      
Src  Proc. InQueue |  Leaves   Expl. | BestBound       BestSol              Gap |   Cuts   InLp Confl. | LpIters     Time

         0       0         0   0.00%   0               inf                  inf        0      0      0         0     9.7s
         0       0         0   0.00%   0               inf                  inf        0      0      0     12745    91.9s
         0       0         0   0.00%   0               inf                  inf       61      7      0     12995   107.8s
         0       0         0   0.00%   0               inf                  inf      106     13      0     13090   119.0s
         0       0         0   0.00%   0               inf                  inf      185     17      0     13197   126.5s
         0       0         0   0.00%   0               inf                  inf      254     18      0     13231   140.8s
         0       0         0   0.00%   0               inf                  inf      294     19      0     13240   256.5s
         0       0         0   0.00%   0               inf                  inf      311     29      0     13333   269.4s
         0       0         0   0.00%   0               inf                  inf      368     32      0     13356   280.4s
         0       0         0   0.00%   0               inf                  inf      369     35      0     13369   289.9s
         0       0         0   0.00%   0               inf                  inf      369     38      0     13394   299.5s
         0       0         0   0.00%   0               inf                  inf      420     41      0     13394   306.9s
         0       0         0   0.00%   0               inf                  inf      420     41      0     13394   306.9s

Solving report
  Status            Time limit reached
  Primal bound      inf
  Dual bound        0
  Gap               inf
  P-D integral      0
  Solution status   -
  Timing            306.87
  Max sub-MIP depth 0
  Nodes             0
  Repair LPs        0
  LP iterations     13394
                    0 (strong br.)
                    649 (separation)
                    0 (heuristics)
