Running HiGHS 1.12.0 (git hash: 755a8e0): Copyright (c) 2025 HiGHS under MIT licence terms
MIP has 34681 rows; 23016 cols; 145588 nonzeros; 12096 integer variables (12048 binary)
Coefficient ranges:
  Matrix  [1e+00, 2e+04]
  Cost    [0e+00, 0e+00]
  Bound   [1e-01, 6e+02]
  RHS     [1e+00, 2e+05]
Presolving model
34681 rows, 20962 cols, 140736 nonzeros  1s
30167 rows, 16952 cols, 149786 nonzeros  3s
26449 rows, 15254 cols, 145568 nonzeros  6s
Presolve reductions: rows 26449(-8232); columns 15254(-7762); nonzeros 145568(-20) 
Objective function is integral with scale 1

Solving MIP model with:
   26449 rows
   15254 cols (9834 binary, 0 integer, 0 implied int., 5420 continuous, 0 domain fixed)
   145568 nonzeros

Src: B => Branching; C => Central rounding; F => Feasibility pump; H => Heuristic;
     I => Shifting; J => Feasibility jump; L => Sub-MIP; P => Empty MIP; R => Randomized rounding;
     S => Solve LP; T => Evaluate node; U => Unbounded; X => User solution; Y => HiGHS solution;
     Z => ZI Round; l => Trivial lower; p => Trivial point; u => Trivial upper; z => Trivial zero

        Nodes      |    B&B Tree     |            Objective Bounds              |  Dynamic Constraints |       Work      
Src  Proc. InQueue |  Leaves   Expl. | BestBound       BestSol              Gap |   Cuts   InLp Confl. | LpIters     Time

         0       0         0   0.00%   0               inf                  inf        0      0      0         0    10.8s
         0       0         0   0.00%   0               inf                  inf        0      0      2     13964    45.5s
         0       0         0   0.00%   0               inf                  inf      414     80      4     14283    52.4s
         0       0         0   0.00%   0               inf                  inf      444     82      4     14309    64.7s
         0       0         0   0.00%   0               inf                  inf      476     84      4     14326    75.0s
         0       0         0   0.00%   0               inf                  inf      549     85      6     14541    80.5s
         0       0         0   0.00%   0               inf                  inf      594     86     48     14544   188.2s

Solving report
  Status            Time limit reached
  Primal bound      inf
  Dual bound        0
  Gap               inf
  P-D integral      0
  Solution status   -
  Timing            188.18
  Max sub-MIP depth 0
  Nodes             0
  Repair LPs        0
  LP iterations     14544
                    0 (strong br.)
                    580 (separation)
                    0 (heuristics)
