Running HiGHS 1.12.0 (git hash: 755a8e0): Copyright (c) 2025 HiGHS under MIT licence terms
MIP has 34680 rows; 23016 cols; 141724 nonzeros; 4032 integer variables (4032 binary)
Coefficient ranges:
  Matrix  [1e+00, 2e+04]
  Cost    [1e+00, 1e+00]
  Bound   [8e-01, 7e+02]
  RHS     [1e+00, 2e+03]
Presolving model
34680 rows, 20736 cols, 136420 nonzeros  0s
29625 rows, 17661 cols, 132892 nonzeros  0s
Presolve reductions: rows 29625(-5055); columns 17661(-5355); nonzeros 132892(-8832) 

Solving MIP model with:
   29625 rows
   17661 cols (4032 binary, 0 integer, 0 implied int., 13629 continuous, 0 domain fixed)
   132892 nonzeros

Src: B => Branching; C => Central rounding; F => Feasibility pump; H => Heuristic;
     I => Shifting; J => Feasibility jump; L => Sub-MIP; P => Empty MIP; R => Randomized rounding;
     S => Solve LP; T => Evaluate node; U => Unbounded; X => User solution; Y => HiGHS solution;
     Z => ZI Round; l => Trivial lower; p => Trivial point; u => Trivial upper; z => Trivial zero

        Nodes      |    B&B Tree     |            Objective Bounds              |  Dynamic Constraints |       Work      
Src  Proc. InQueue |  Leaves   Expl. | BestBound       BestSol              Gap |   Cuts   InLp Confl. | LpIters     Time

         0       0         0   0.00%   -12839277.11888 inf                  inf        0      0      0         0     1.1s
         0       0         0   0.00%   48890.439551    inf                  inf        0      0      0     16055     8.0s
         0       0         0   0.00%   48890.496629    inf                  inf       96     10      0     16238    43.7s
         0       0         0   0.00%   48890.904523    inf                  inf      181     17      0     16553    49.6s
         0       0         0   0.00%   48891.077827    inf                  inf      643     22      0     16580    54.7s
         0       0         0   0.00%   48891.435944    inf                  inf      704     31      4     16836    60.0s
         0       0         0   0.00%   48891.48978     inf                  inf      735     39     21     16863    65.1s
         0       0         0   0.00%   48891.577452    inf                  inf      712     38     62     16914    70.5s
         0       0         0   0.00%   48891.605824    inf                  inf      530     42     87     16939    75.6s
 L       0       0         0   0.00%   48891.605824    52701.536025       7.23%      530     42     87     16939    93.2s
 T       0       0         0   0.00%   48891.605824    51850.496887       5.71%      430     23    112     29746   197.5s
 L     330     155         1   0.00%   48891.695191    49926.768979       2.07%      312     27    112     70200   227.3s
       443     267         2   0.00%   48892.057635    49926.768979       2.07%      318     27    129    108113   290.7s
       579     401         3   0.00%   48892.057635    49926.768979       2.07%      319     27    212    131335   357.8s
       739     559         4   0.00%   48892.057635    49926.768979       2.07%      330     29    257    152076   413.8s
       857     675         5   0.00%   48892.057635    49926.768979       2.07%      371     31    313    167274   452.5s
       989     805         6   0.00%   48892.057635    49926.768979       2.07%      381     18    362    186997   514.0s
      1030     804         7   0.00%   48892.057635    49926.768979       2.07%      356     18    407    198153   535.3s
      1039     804         9   0.00%   48892.057635    49926.768979       2.07%      361     18    433    200436   541.3s
      1055     805        13   0.00%   48892.057635    49926.768979       2.07%      366     18    455    202521   547.2s

        Nodes      |    B&B Tree     |            Objective Bounds              |  Dynamic Constraints |       Work      
Src  Proc. InQueue |  Leaves   Expl. | BestBound       BestSol              Gap |   Cuts   InLp Confl. | LpIters     Time

      1066     805        18   0.00%   48892.057635    49926.768979       2.07%      371     18    468    205175   554.3s
      1074     805        23   0.00%   48892.057635    49926.768979       2.07%      376     18    490    206678   559.4s
      1083     806        28   0.00%   48892.057635    49926.768979       2.07%      377     18    520    208938   564.8s
      1090     846        32   0.00%   48892.057635    49926.768979       2.07%      414     21    542    219919   600.3s
      1090     846        32   0.00%   48892.057635    49926.768979       2.07%      414     21    542    219919   600.3s

Solving report
  Status            Time limit reached
  Primal bound      49926.7689793
  Dual bound        48892.0576349
  Gap               2.07% (tolerance: 0%)
  P-D integral      16.9667578831
  Solution status   feasible
                    49926.7689793 (objective)
                    0 (bound viol.)
                    1.7763568394e-15 (int. viol.)
                    0 (row viol.)
  Timing            600.30
  Max sub-MIP depth 5
  Nodes             1090
  Repair LPs        1 (0 feasible; 0 iterations)
  LP iterations     219919
                    125757 (strong br.)
                    1229 (separation)
                    32964 (heuristics)
