Running HiGHS 1.12.0 (git hash: 755a8e0): Copyright (c) 2025 HiGHS under MIT licence terms
MIP has 34681 rows; 23016 cols; 145588 nonzeros; 4032 integer variables (4032 binary)
Coefficient ranges:
  Matrix  [1e+00, 2e+04]
  Cost    [0e+00, 0e+00]
  Bound   [1e-01, 6e+02]
  RHS     [1e+00, 1e+05]
Presolving model
34681 rows, 20830 cols, 140472 nonzeros  0s
29906 rows, 17995 cols, 134662 nonzeros  0s
Presolve reductions: rows 29906(-4775); columns 17995(-5021); nonzeros 134662(-10926) 
Objective function is integral with scale 1

Solving MIP model with:
   29906 rows
   17995 cols (4032 binary, 0 integer, 0 implied int., 13963 continuous, 0 domain fixed)
   134662 nonzeros

Src: B => Branching; C => Central rounding; F => Feasibility pump; H => Heuristic;
     I => Shifting; J => Feasibility jump; L => Sub-MIP; P => Empty MIP; R => Randomized rounding;
     S => Solve LP; T => Evaluate node; U => Unbounded; X => User solution; Y => HiGHS solution;
     Z => ZI Round; l => Trivial lower; p => Trivial point; u => Trivial upper; z => Trivial zero

        Nodes      |    B&B Tree     |            Objective Bounds              |  Dynamic Constraints |       Work      
Src  Proc. InQueue |  Leaves   Expl. | BestBound       BestSol              Gap |   Cuts   InLp Confl. | LpIters     Time

         0       0         0   0.00%   0               inf                  inf        0      0      0         0     3.3s
         0       0         0   0.00%   0               inf                  inf        0      0      2     10803    20.5s
         0       0         0   0.00%   0               inf                  inf      186     18      5     11047    26.1s
         0       0         0   0.00%   0               inf                  inf      295     37      5     11331    32.7s
         0       0         0   0.00%   0               inf                  inf      328     43      8     11476    38.6s
         0       0         0   0.00%   0               inf                  inf      354     47     10     11508    44.4s
         0       0         0   0.00%   0               inf                  inf      368     49    113     11523   122.5s
         0       0         0   0.00%   0               inf                  inf      409     52    113     11639   133.1s
         0       0         0   0.00%   0               inf                  inf      428     53    116     11697   138.1s
         0       0         0   0.00%   0               inf                  inf      448     57    122     11752   146.5s
         0       0         0   0.00%   0               inf                  inf      448     58    129     11754   153.4s
         0       0         0   0.00%   0               inf                  inf      448     58    129     23625   301.5s

Solving report
  Status            Time limit reached
  Primal bound      inf
  Dual bound        0
  Gap               inf
  P-D integral      0
  Solution status   -
  Timing            301.46
  Max sub-MIP depth 3
  Nodes             0
  Repair LPs        0
  LP iterations     23625
                    0 (strong br.)
                    951 (separation)
                    11871 (heuristics)
