Running HiGHS 1.12.0 (git hash: 755a8e0): Copyright (c) 2025 HiGHS under MIT licence terms
MIP has 16289 rows; 10920 cols; 61968 nonzeros; 4032 integer variables (4032 binary)
Coefficient ranges:
  Matrix  [6e-03, 4e+02]
  Cost    [0e+00, 0e+00]
  Bound   [1e-01, 6e+02]
  RHS     [5e-15, 2e+03]
WARNING: Problem has some excessively small row bounds
Presolving model
4207 rows, 3488 cols, 13008 nonzeros  0s
2336 rows, 2620 cols, 7922 nonzeros  0s
2164 rows, 2522 cols, 7493 nonzeros  0s
Presolve reductions: rows 2164(-14125); columns 2522(-8398); nonzeros 7493(-54475) 
Objective function is integral with scale 1

Solving MIP model with:
   2164 rows
   2522 cols (923 binary, 0 integer, 0 implied int., 1599 continuous, 0 domain fixed)
   7493 nonzeros

Src: B => Branching; C => Central rounding; F => Feasibility pump; H => Heuristic;
     I => Shifting; J => Feasibility jump; L => Sub-MIP; P => Empty MIP; R => Randomized rounding;
     S => Solve LP; T => Evaluate node; U => Unbounded; X => User solution; Y => HiGHS solution;
     Z => ZI Round; l => Trivial lower; p => Trivial point; u => Trivial upper; z => Trivial zero

        Nodes      |    B&B Tree     |            Objective Bounds              |  Dynamic Constraints |       Work      
Src  Proc. InQueue |  Leaves   Expl. | BestBound       BestSol              Gap |   Cuts   InLp Confl. | LpIters     Time

         0       0         0   0.00%   0               inf                  inf        0      0      0         0     0.5s
         0       0         0   0.00%   0               inf                  inf        0      0     18      2165     0.6s
         0       0         0   0.00%   0               inf                  inf      772    137   1525      8496     5.8s

16.4% inactive integer columns, restarting
Model after restart has 1813 rows, 2348 cols (772 bin., 0 int., 0 impl., 1576 cont., 0 dom.fix.), and 6679 nonzeros

         0       0         0   0.00%   0               inf                  inf      123      0      0      8496     5.9s
         0       0         0   0.00%   0               inf                  inf      123    122     11      8998     6.0s
 R       0       0         0 100.00%   0               0                  0.00%      685    217     29      9557     6.7s
         1       0         1 100.00%   0               0                  0.00%      685    217     29      9557     6.7s

Solving report
  Status            Optimal
  Primal bound      0
  Dual bound        0
  Gap               0% (tolerance: 0%)
  P-D integral      0
  Solution status   feasible
                    0 (objective)
                    0 (bound viol.)
                    0 (int. viol.)
                    0 (row viol.)
  Timing            6.70
  Max sub-MIP depth 1
  Nodes             1
  Repair LPs        0
  LP iterations     9557
                    0 (strong br.)
                    1261 (separation)
                    5621 (heuristics)
