Running HiGHS 1.12.0 (git hash: 755a8e0): Copyright (c) 2025 HiGHS under MIT licence terms
MIP has 16289 rows; 10920 cols; 61968 nonzeros; 4032 integer variables (4032 binary)
Coefficient ranges:
  Matrix  [6e-03, 4e+02]
  Cost    [0e+00, 0e+00]
  Bound   [1e-01, 7e+02]
  RHS     [5e-16, 2e+03]
WARNING: Problem has some excessively small row bounds
Presolving model
2862 rows, 2509 cols, 8706 nonzeros  0s
2510 rows, 2272 cols, 9854 nonzeros  0s
Presolve reductions: rows 2510(-13779); columns 2272(-8648); nonzeros 9854(-52114) 
Objective function is integral with scale 1

Solving MIP model with:
   2510 rows
   2272 cols (1107 binary, 0 integer, 0 implied int., 1165 continuous, 0 domain fixed)
   9854 nonzeros

Src: B => Branching; C => Central rounding; F => Feasibility pump; H => Heuristic;
     I => Shifting; J => Feasibility jump; L => Sub-MIP; P => Empty MIP; R => Randomized rounding;
     S => Solve LP; T => Evaluate node; U => Unbounded; X => User solution; Y => HiGHS solution;
     Z => ZI Round; l => Trivial lower; p => Trivial point; u => Trivial upper; z => Trivial zero

        Nodes      |    B&B Tree     |            Objective Bounds              |  Dynamic Constraints |       Work      
Src  Proc. InQueue |  Leaves   Expl. | BestBound       BestSol              Gap |   Cuts   InLp Confl. | LpIters     Time

         0       0         0   0.00%   0               inf                  inf        0      0      0         0     0.2s
         0       0         0   0.00%   0               inf                  inf        0      0      2      1956     0.2s
 R       0       0         0 100.00%   0               0                  0.00%     1909    392    958      3666     3.4s
         1       0         1 100.00%   0               0                  0.00%     1909    392    958      3666     3.4s

Solving report
  Status            Optimal
  Primal bound      0
  Dual bound        0
  Gap               0% (tolerance: 0%)
  P-D integral      0
  Solution status   feasible
                    0 (objective)
                    0 (bound viol.)
                    0 (int. viol.)
                    0 (row viol.)
  Timing            3.39
  Max sub-MIP depth 0
  Nodes             1
  Repair LPs        0
  LP iterations     3666
                    0 (strong br.)
                    1710 (separation)
                    0 (heuristics)
