Running HiGHS 1.12.0 (git hash: 755a8e0): Copyright (c) 2025 HiGHS under MIT licence terms
MIP has 24305 rows; 18984 cols; 113500 nonzeros; 12096 integer variables (12048 binary)
Coefficient ranges:
  Matrix  [6e-03, 4e+02]
  Cost    [0e+00, 0e+00]
  Bound   [1e-01, 6e+02]
  RHS     [1e-13, 2e+03]
WARNING: Problem has some excessively small row bounds
Presolving model
10218 rows, 6700 cols, 54054 nonzeros  0s
7985 rows, 4167 cols, 35585 nonzeros  1s
5511 rows, 4143 cols, 34654 nonzeros  2s
5333 rows, 4113 cols, 33586 nonzeros  2s
Presolve reductions: rows 5333(-18972); columns 4113(-14871); nonzeros 33586(-79914) 
Objective function is integral with scale 1

Solving MIP model with:
   5333 rows
   4113 cols (2467 binary, 0 integer, 0 implied int., 1646 continuous, 0 domain fixed)
   33586 nonzeros

Src: B => Branching; C => Central rounding; F => Feasibility pump; H => Heuristic;
     I => Shifting; J => Feasibility jump; L => Sub-MIP; P => Empty MIP; R => Randomized rounding;
     S => Solve LP; T => Evaluate node; U => Unbounded; X => User solution; Y => HiGHS solution;
     Z => ZI Round; l => Trivial lower; p => Trivial point; u => Trivial upper; z => Trivial zero

        Nodes      |    B&B Tree     |            Objective Bounds              |  Dynamic Constraints |       Work      
Src  Proc. InQueue |  Leaves   Expl. | BestBound       BestSol              Gap |   Cuts   InLp Confl. | LpIters     Time

         0       0         0   0.00%   0               inf                  inf        0      0      0         0     2.9s
         1       0         1 100.00%   inf             inf                  inf        0      0      0      1649     3.1s

Solving report
  Status            Infeasible
  Primal bound      inf
  Dual bound        inf
  Gap               inf
  P-D integral      0
  Solution status   -
  Timing            3.08
  Max sub-MIP depth 0
  Nodes             1
  Repair LPs        0
  LP iterations     1649
                    0 (strong br.)
                    0 (separation)
                    0 (heuristics)
