Running HiGHS 1.12.0 (git hash: 755a8e0): Copyright (c) 2025 HiGHS under MIT licence terms
MIP has 16289 rows; 10920 cols; 61968 nonzeros; 4032 integer variables (4032 binary)
Coefficient ranges:
  Matrix  [6e-03, 4e+02]
  Cost    [0e+00, 0e+00]
  Bound   [1e-01, 6e+02]
  RHS     [1e-13, 2e+03]
WARNING: Problem has some excessively small row bounds
Presolving model
4540 rows, 3192 cols, 13752 nonzeros  0s
3468 rows, 2889 cols, 11520 nonzeros  0s
3468 rows, 2889 cols, 11520 nonzeros  0s
Presolve reductions: rows 3468(-12821); columns 2889(-8031); nonzeros 11520(-50448) 
Objective function is integral with scale 1

Solving MIP model with:
   3468 rows
   2889 cols (1248 binary, 0 integer, 0 implied int., 1641 continuous, 0 domain fixed)
   11520 nonzeros

Src: B => Branching; C => Central rounding; F => Feasibility pump; H => Heuristic;
     I => Shifting; J => Feasibility jump; L => Sub-MIP; P => Empty MIP; R => Randomized rounding;
     S => Solve LP; T => Evaluate node; U => Unbounded; X => User solution; Y => HiGHS solution;
     Z => ZI Round; l => Trivial lower; p => Trivial point; u => Trivial upper; z => Trivial zero

        Nodes      |    B&B Tree     |            Objective Bounds              |  Dynamic Constraints |       Work      
Src  Proc. InQueue |  Leaves   Expl. | BestBound       BestSol              Gap |   Cuts   InLp Confl. | LpIters     Time

         0       0         0   0.00%   0               inf                  inf        0      0      0         0     0.5s
         0       0         0   0.00%   0               inf                  inf        0      0      2      2563     0.7s
 R       0       0         0 100.00%   0               0                  0.00%      958    249      8      3263     1.1s
         1       0         1 100.00%   0               0                  0.00%      958    249      8      3263     1.1s

Solving report
  Status            Optimal
  Primal bound      0
  Dual bound        0
  Gap               0% (tolerance: 0%)
  P-D integral      0
  Solution status   feasible
                    0 (objective)
                    0 (bound viol.)
                    0 (int. viol.)
                    0 (row viol.)
  Timing            1.12
  Max sub-MIP depth 0
  Nodes             1
  Repair LPs        0
  LP iterations     3263
                    0 (strong br.)
                    700 (separation)
                    0 (heuristics)
