Collecting pandas==2.2.3
  Using cached pandas-2.2.3-cp312-cp312-win_amd64.whl.metadata (19 kB)
Collecting tsam==2.3.9
  Downloading tsam-2.3.9-py3-none-any.whl.metadata (15 kB)
Collecting pyomo==6.9.2
  Downloading pyomo-6.9.2-py3-none-any.whl.metadata (7.9 kB)
Collecting gurobipy==13.0.0
  Downloading gurobipy-13.0.0-cp312-cp312-win_amd64.whl.metadata (17 kB)
Collecting rich==14.0.0
  Downloading rich-14.0.0-py3-none-any.whl.metadata (18 kB)
Collecting openpyxl==3.1.5
  Using cached openpyxl-3.1.5-py2.py3-none-any.whl.metadata (2.5 kB)
Collecting matplotlib==3.10.3
  Downloading matplotlib-3.10.3-cp312-cp312-win_amd64.whl.metadata (11 kB)
Collecting numpy>=1.26.0 (from pandas==2.2.3)
  Using cached numpy-2.5.3-cp312-cp312-win_amd64.whl.metadata (6.6 kB)
Collecting python-dateutil>=2.8.2 (from pandas==2.2.3)
  Using cached python_dateutil-2.9.0.post0-py2.py3-none-any.whl.metadata (8.4 kB)
Collecting pytz>=2020.1 (from pandas==2.2.3)
  Downloading pytz-2026.4-py2.py3-none-any.whl.metadata (22 kB)
Collecting tzdata>=2022.7 (from pandas==2.2.3)
  Using cached tzdata-2026.4-py2.py3-none-any.whl.metadata (1.4 kB)
Collecting scikit-learn>=0.0 (from tsam==2.3.9)
  Downloading scikit_learn-1.9.1-cp312-cp312-win_amd64.whl.metadata (9.3 kB)
Collecting networkx (from tsam==2.3.9)
  Using cached networkx-3.7-py3-none-any.whl.metadata (6.7 kB)
Collecting tqdm (from tsam==2.3.9)
  Downloading tqdm-4.70.1-py3-none-any.whl.metadata (57 kB)
Collecting highspy (from tsam==2.3.9)
  Using cached highspy-1.15.1-cp312-cp312-win_amd64.whl.metadata (12 kB)
Collecting ply (from pyomo==6.9.2)
  Downloading ply-3.11-py2.py3-none-any.whl.metadata (844 bytes)
Collecting markdown-it-py>=2.2.0 (from rich==14.0.0)
  Downloading markdown_it_py-4.2.0-py3-none-any.whl.metadata (7.4 kB)
Collecting pygments<3.0.0,>=2.13.0 (from rich==14.0.0)
  Using cached pygments-2.21.0-py3-none-any.whl.metadata (2.5 kB)
Collecting et-xmlfile (from openpyxl==3.1.5)
  Using cached et_xmlfile-2.0.0-py3-none-any.whl.metadata (2.7 kB)
Collecting contourpy>=1.0.1 (from matplotlib==3.10.3)
  Using cached contourpy-1.4.0-cp312-cp312-win_amd64.whl.metadata (3.8 kB)
Collecting cycler>=0.10 (from matplotlib==3.10.3)
  Using cached cycler-0.12.1-py3-none-any.whl.metadata (3.8 kB)
Collecting fonttools>=4.22.0 (from matplotlib==3.10.3)
  Downloading fonttools-4.66.0-cp312-cp312-win_amd64.whl.metadata (131 kB)
Collecting kiwisolver>=1.3.1 (from matplotlib==3.10.3)
  Using cached kiwisolver-1.5.1-cp312-cp312-win_amd64.whl.metadata (5.2 kB)
Collecting packaging>=20.0 (from matplotlib==3.10.3)
  Using cached packaging-26.3-py3-none-any.whl.metadata (3.5 kB)
Collecting pillow>=8 (from matplotlib==3.10.3)
  Using cached pillow-12.3.0-cp312-cp312-win_amd64.whl.metadata (9.3 kB)
Collecting pyparsing>=2.3.1 (from matplotlib==3.10.3)
  Downloading pyparsing-3.3.3-py3-none-any.whl.metadata (5.9 kB)
Collecting mdurl~=0.1 (from markdown-it-py>=2.2.0->rich==14.0.0)
  Downloading mdurl-0.1.2-py3-none-any.whl.metadata (1.6 kB)
Collecting six>=1.5 (from python-dateutil>=2.8.2->pandas==2.2.3)
  Using cached six-1.17.0-py2.py3-none-any.whl.metadata (1.7 kB)
Collecting scipy>=1.10.0 (from scikit-learn>=0.0->tsam==2.3.9)
  Using cached scipy-1.18.1-cp312-cp312-win_amd64.whl.metadata (61 kB)
Collecting joblib>=1.4.0 (from scikit-learn>=0.0->tsam==2.3.9)
  Using cached joblib-1.6.0-py3-none-any.whl.metadata (6.5 kB)
Collecting narwhals>=2.0.1 (from scikit-learn>=0.0->tsam==2.3.9)
  Downloading narwhals-2.26.0-py3-none-any.whl.metadata (15 kB)
Collecting threadpoolctl>=3.5.0 (from scikit-learn>=0.0->tsam==2.3.9)
  Downloading threadpoolctl-3.7.0-py3-none-any.whl.metadata (24 kB)
Collecting colorama (from tqdm->tsam==2.3.9)
  Using cached colorama-0.4.6-py2.py3-none-any.whl.metadata (17 kB)
Collecting cloudpickle>=3.0 (from joblib>=1.4.0->scikit-learn>=0.0->tsam==2.3.9)
  Using cached cloudpickle-3.1.2-py3-none-any.whl.metadata (7.1 kB)
Using cached pandas-2.2.3-cp312-cp312-win_amd64.whl (11.5 MB)
Downloading tsam-2.3.9-py3-none-any.whl (36 kB)
Downloading pyomo-6.9.2-py3-none-any.whl (3.8 MB)
   ---------------------------------------- 3.8/3.8 MB 9.4 MB/s eta 0:00:00
Downloading gurobipy-13.0.0-cp312-cp312-win_amd64.whl (11.2 MB)
   ---------------------------------------- 11.2/11.2 MB 5.6 MB/s eta 0:00:00
Downloading rich-14.0.0-py3-none-any.whl (243 kB)
Using cached openpyxl-3.1.5-py2.py3-none-any.whl (250 kB)
Downloading matplotlib-3.10.3-cp312-cp312-win_amd64.whl (8.1 MB)
   ---------------------------------------- 8.1/8.1 MB 6.9 MB/s eta 0:00:00
Using cached contourpy-1.4.0-cp312-cp312-win_amd64.whl (234 kB)
Using cached cycler-0.12.1-py3-none-any.whl (8.3 kB)
Downloading fonttools-4.66.0-cp312-cp312-win_amd64.whl (2.5 MB)
   ---------------------------------------- 2.5/2.5 MB 4.4 MB/s eta 0:00:00
Using cached kiwisolver-1.5.1-cp312-cp312-win_amd64.whl (70 kB)
Downloading markdown_it_py-4.2.0-py3-none-any.whl (91 kB)
Using cached numpy-2.5.3-cp312-cp312-win_amd64.whl (12.6 MB)
Using cached packaging-26.3-py3-none-any.whl (129 kB)
Using cached pillow-12.3.0-cp312-cp312-win_amd64.whl (7.2 MB)
Using cached pygments-2.21.0-py3-none-any.whl (1.3 MB)
Downloading pyparsing-3.3.3-py3-none-any.whl (126 kB)
Using cached python_dateutil-2.9.0.post0-py2.py3-none-any.whl (229 kB)
Downloading pytz-2026.4-py2.py3-none-any.whl (506 kB)
Downloading scikit_learn-1.9.1-cp312-cp312-win_amd64.whl (8.3 MB)
   ---------------------------------------- 8.3/8.3 MB 6.1 MB/s eta 0:00:00
Using cached tzdata-2026.4-py2.py3-none-any.whl (347 kB)
Using cached et_xmlfile-2.0.0-py3-none-any.whl (18 kB)
Using cached highspy-1.15.1-cp312-cp312-win_amd64.whl (2.7 MB)
Using cached networkx-3.7-py3-none-any.whl (2.1 MB)
Downloading ply-3.11-py2.py3-none-any.whl (49 kB)
Downloading tqdm-4.70.1-py3-none-any.whl (80 kB)
Using cached joblib-1.6.0-py3-none-any.whl (306 kB)
Downloading mdurl-0.1.2-py3-none-any.whl (10.0 kB)
Downloading narwhals-2.26.0-py3-none-any.whl (474 kB)
Using cached scipy-1.18.1-cp312-cp312-win_amd64.whl (36.7 MB)
Using cached six-1.17.0-py2.py3-none-any.whl (11 kB)
Downloading threadpoolctl-3.7.0-py3-none-any.whl (26 kB)
Using cached colorama-0.4.6-py2.py3-none-any.whl (25 kB)
Using cached cloudpickle-3.1.2-py3-none-any.whl (22 kB)
Installing collected packages: pytz, ply, tzdata, threadpoolctl, six, pyparsing, pyomo, pygments, pillow, packaging, numpy, networkx, narwhals, mdurl, kiwisolver, gurobipy, fonttools, et-xmlfile, cycler, colorama, cloudpickle, tqdm, scipy, python-dateutil, openpyxl, markdown-it-py, joblib, highspy, contourpy, scikit-learn, rich, pandas, matplotlib, tsam
Successfully installed cloudpickle-3.1.2 colorama-0.4.6 contourpy-1.4.0 cycler-0.12.1 et-xmlfile-2.0.0 fonttools-4.66.0 gurobipy-13.0.0 highspy-1.15.1 joblib-1.6.0 kiwisolver-1.5.1 markdown-it-py-4.2.0 matplotlib-3.10.3 mdurl-0.1.2 narwhals-2.26.0 networkx-3.7 numpy-2.5.3 openpyxl-3.1.5 packaging-26.3 pandas-2.2.3 pillow-12.3.0 ply-3.11 pygments-2.21.0 pyomo-6.9.2 pyparsing-3.3.3 python-dateutil-2.9.0.post0 pytz-2026.4 rich-14.0.0 scikit-learn-1.9.1 scipy-1.18.1 six-1.17.0 threadpoolctl-3.7.0 tqdm-4.70.1 tsam-2.3.9 tzdata-2026.4
