Running HiGHS 1.12.0 (git hash: 755a8e0): Copyright (c) 2025 HiGHS under MIT licence terms
MIP has 34680 rows; 23016 cols; 141724 nonzeros; 4032 integer variables (4032 binary)
Coefficient ranges:
  Matrix  [1e+00, 2e+04]
  Cost    [1e+00, 1e+00]
  Bound   [1e-01, 7e+02]
  RHS     [1e+00, 1e+03]
Presolving model
34680 rows, 20911 cols, 136770 nonzeros  0s
29872 rows, 17979 cols, 133281 nonzeros  1s
Presolve reductions: rows 29872(-4808); columns 17979(-5037); nonzeros 133281(-8443) 

Solving MIP model with:
   29872 rows
   17979 cols (4032 binary, 0 integer, 0 implied int., 13947 continuous, 0 domain fixed)
   133281 nonzeros

Src: B => Branching; C => Central rounding; F => Feasibility pump; H => Heuristic;
     I => Shifting; J => Feasibility jump; L => Sub-MIP; P => Empty MIP; R => Randomized rounding;
     S => Solve LP; T => Evaluate node; U => Unbounded; X => User solution; Y => HiGHS solution;
     Z => ZI Round; l => Trivial lower; p => Trivial point; u => Trivial upper; z => Trivial zero

        Nodes      |    B&B Tree     |            Objective Bounds              |  Dynamic Constraints |       Work      
Src  Proc. InQueue |  Leaves   Expl. | BestBound       BestSol              Gap |   Cuts   InLp Confl. | LpIters     Time

         0       0         0   0.00%   -11997105.6465  inf                  inf        0      0      0         0     5.3s
         0       0         0   0.00%   43126.7566      inf                  inf        0      0      0     16178    17.3s
         0       0         0   0.00%   43126.7566      inf                  inf      142     15      0     16919    22.6s
         0       0         0   0.00%   43126.7566      inf                  inf      171     18      6     17049    70.7s
         0       0         0   0.00%   43126.7566      inf                  inf      185     29      6     17226    76.8s
         0       0         0   0.00%   43126.7566      inf                  inf      200     35      6     17301    83.0s
         0       0         0   0.00%   43126.7566      inf                  inf      204     34      8     17306    88.5s
 L       0       0         0   0.00%   43126.7566      43638.630127       1.17%      204     34      8     17306   114.9s

4.1% inactive integer columns, restarting
Model after restart has 28310 rows, 16794 cols (3867 bin., 0 int., 1 impl., 12926 cont., 0 dom.fix.), and 120813 nonzeros

         0       0         0   0.00%   43126.7566      43638.630127       1.17%       19      0      0     26022   116.4s
         0       0         0   0.00%   43126.7566      43638.630127       1.17%       19      4      3     36769   126.5s
         0       0         0   0.00%   43126.7566      43638.630127       1.17%      108     11      3     53256   300.9s

Solving report
  Status            Time limit reached
  Primal bound      43638.6301275
  Dual bound        43126.7565999
  Gap               1.17% (tolerance: 0%)
  P-D integral      2.18196602453
  Solution status   feasible
                    43638.6301275 (objective)
                    0 (bound viol.)
                    3.79696274422e-14 (int. viol.)
                    0 (row viol.)
  Timing            300.90
  Max sub-MIP depth 11
  Nodes             0
  Repair LPs        0
  LP iterations     53256
                    0 (strong br.)
                    1715 (separation)
                    24616 (heuristics)
