Running HiGHS 1.12.0 (git hash: 755a8e0): Copyright (c) 2025 HiGHS under MIT licence terms
MIP has 24290 rows; 18984 cols; 113500 nonzeros; 12096 integer variables (12048 binary)
Coefficient ranges:
  Matrix  [6e-03, 4e+02]
  Cost    [0e+00, 0e+00]
  Bound   [1e-01, 6e+02]
  RHS     [1e-13, 2e+03]
WARNING: Problem has some excessively small row bounds
Presolving model
10216 rows, 6700 cols, 54054 nonzeros  0s
8004 rows, 4169 cols, 35873 nonzeros  0s
5532 rows, 4145 cols, 34932 nonzeros  0s
5356 rows, 4115 cols, 33897 nonzeros  0s
Presolve reductions: rows 5356(-18934); columns 4115(-14869); nonzeros 33897(-79603) 
Objective function is integral with scale 1

Solving MIP model with:
   5356 rows
   4115 cols (2469 binary, 0 integer, 0 implied int., 1646 continuous, 0 domain fixed)
   33897 nonzeros

Src: B => Branching; C => Central rounding; F => Feasibility pump; H => Heuristic;
     I => Shifting; J => Feasibility jump; L => Sub-MIP; P => Empty MIP; R => Randomized rounding;
     S => Solve LP; T => Evaluate node; U => Unbounded; X => User solution; Y => HiGHS solution;
     Z => ZI Round; l => Trivial lower; p => Trivial point; u => Trivial upper; z => Trivial zero

        Nodes      |    B&B Tree     |            Objective Bounds              |  Dynamic Constraints |       Work      
Src  Proc. InQueue |  Leaves   Expl. | BestBound       BestSol              Gap |   Cuts   InLp Confl. | LpIters     Time

         0       0         0   0.00%   0               inf                  inf        0      0      0         0     0.9s
         1       0         1 100.00%   inf             inf                  inf        0      0      0      1554     1.1s

Solving report
  Status            Infeasible
  Primal bound      inf
  Dual bound        inf
  Gap               inf
  P-D integral      0
  Solution status   -
  Timing            1.09
  Max sub-MIP depth 0
  Nodes             1
  Repair LPs        0
  LP iterations     1554
                    0 (strong br.)
                    0 (separation)
                    0 (heuristics)
