Running HiGHS 1.12.0 (git hash: 755a8e0): Copyright (c) 2025 HiGHS under MIT licence terms
MIP has 34680 rows; 23016 cols; 141724 nonzeros; 4032 integer variables (4032 binary)
Coefficient ranges:
  Matrix  [1e+00, 2e+04]
  Cost    [1e+00, 1e+00]
  Bound   [1e+00, 7e+02]
  RHS     [1e+00, 2e+03]
Presolving model
34680 rows, 20742 cols, 136432 nonzeros  0s
29631 rows, 17667 cols, 132936 nonzeros  0s
Presolve reductions: rows 29631(-5049); columns 17667(-5349); nonzeros 132936(-8788) 

Solving MIP model with:
   29631 rows
   17667 cols (4032 binary, 0 integer, 0 implied int., 13635 continuous, 0 domain fixed)
   132936 nonzeros

Src: B => Branching; C => Central rounding; F => Feasibility pump; H => Heuristic;
     I => Shifting; J => Feasibility jump; L => Sub-MIP; P => Empty MIP; R => Randomized rounding;
     S => Solve LP; T => Evaluate node; U => Unbounded; X => User solution; Y => HiGHS solution;
     Z => ZI Round; l => Trivial lower; p => Trivial point; u => Trivial upper; z => Trivial zero

        Nodes      |    B&B Tree     |            Objective Bounds              |  Dynamic Constraints |       Work      
Src  Proc. InQueue |  Leaves   Expl. | BestBound       BestSol              Gap |   Cuts   InLp Confl. | LpIters     Time

         0       0         0   0.00%   -13072774.59343 inf                  inf        0      0      0         0     1.5s
         0       0         0   0.00%   26844.509727    inf                  inf        0      0      0     15888     4.8s
 C       0       0         0   0.00%   26847.325984    104453.773131     74.30%       87     13      3     16366    28.9s
 L       0       0         0   0.00%   26847.325984    27851.532211       3.61%      101     17      3     16407    49.9s
         0       0         0   0.00%   26847.325984    27851.532211       3.61%      101     10      3     39515   115.9s

1.8% inactive integer columns, restarting
Model after restart has 28665 rows, 16877 cols (3940 bin., 0 int., 58 impl., 12879 cont., 0 dom.fix.), and 123936 nonzeros

         0       0         0   0.00%   26847.325984    27851.532211       3.61%       10      0      0     39515   116.5s
         0       0         0   0.00%   26847.325984    27851.532211       3.61%       10      2      0     46296   119.4s
       160     139         1   0.00%   26847.325984    27851.532211       3.61%       17      3    113     61926   158.4s
       306     283         2   0.00%   26847.325984    27851.532211       3.61%       36      3    255     75937   188.4s
       396     283         3   0.00%   26847.325984    27851.532211       3.61%       48      4    290     86885   212.6s
       447     389         5   0.00%   26847.325984    27851.532211       3.61%       60      4    350     90274   222.8s
       525     388         6   0.00%   26847.325984    27851.532211       3.61%       95      8    387    102151   243.8s
       539     389        11   0.00%   26847.325984    27851.532211       3.61%      104      8    414    104746   252.0s
       560     485        13   0.00%   26847.325984    27851.532211       3.61%      112      8    445    106947   259.7s
 L     560     406        13   0.00%   26847.325984    27692.932211       3.05%      113      9    445    106948   319.0s
       605     406        14   0.00%   26847.325984    27692.932211       3.05%      115      9    456    125417   335.6s
       651     407        15   0.00%   26847.325984    27692.932211       3.05%      118      9    503    132938   352.6s
       656     407        18   0.00%   26847.325984    27692.932211       3.05%      126      9    537    134903   359.0s
       699     534        19   0.00%   26847.325984    27692.932211       3.05%      136      9    571    138895   371.8s
       752     533        20   0.00%   26847.325984    27692.932211       3.05%      139     10    600    156209   480.5s

        Nodes      |    B&B Tree     |            Objective Bounds              |  Dynamic Constraints |       Work      
Src  Proc. InQueue |  Leaves   Expl. | BestBound       BestSol              Gap |   Cuts   InLp Confl. | LpIters     Time

       768     534        21   0.00%   26847.325984    27692.932211       3.05%      141     10    647    158989   486.3s
       788     542        27   0.00%   26847.325984    27692.932211       3.05%      149     10    754    163053   493.3s
       798     546        30   0.00%   26847.325984    27692.932211       3.05%      158     10    782    164849   498.3s
       800     606        32   0.00%   26847.325984    27692.932211       3.05%      151      7    801    180874   600.1s
       800     606        32   0.00%   26847.325984    27692.932211       3.05%      151      7    801    180874   600.1s

Solving report
  Status            Time limit reached
  Primal bound      27692.9322109
  Dual bound        26847.3259843
  Gap               3.05% (tolerance: 0%)
  P-D integral      33.8621921952
  Solution status   feasible
                    27692.9322109 (objective)
                    0 (bound viol.)
                    0 (int. viol.)
                    0 (row viol.)
  Timing            600.12
  Max sub-MIP depth 10
  Nodes             800
  Repair LPs        0
  LP iterations     180874
                    75177 (strong br.)
                    862 (separation)
                    59328 (heuristics)
