Running HiGHS 1.12.0 (git hash: 755a8e0): Copyright (c) 2025 HiGHS under MIT licence terms
MIP has 34681 rows; 23016 cols; 145588 nonzeros; 12096 integer variables (12048 binary)
Coefficient ranges:
  Matrix  [1e+00, 2e+04]
  Cost    [0e+00, 0e+00]
  Bound   [1e-01, 6e+02]
  RHS     [1e+00, 2e+05]
Presolving model
34681 rows, 20962 cols, 140736 nonzeros  0s
30195 rows, 16980 cols, 149646 nonzeros  0s
26438 rows, 15247 cols, 145616 nonzeros  2s
Presolve reductions: rows 26438(-8243); columns 15247(-7769); nonzeros 145616(+28) 
Objective function is integral with scale 1

Solving MIP model with:
   26438 rows
   15247 cols (9834 binary, 0 integer, 0 implied int., 5413 continuous, 0 domain fixed)
   145616 nonzeros

Src: B => Branching; C => Central rounding; F => Feasibility pump; H => Heuristic;
     I => Shifting; J => Feasibility jump; L => Sub-MIP; P => Empty MIP; R => Randomized rounding;
     S => Solve LP; T => Evaluate node; U => Unbounded; X => User solution; Y => HiGHS solution;
     Z => ZI Round; l => Trivial lower; p => Trivial point; u => Trivial upper; z => Trivial zero

        Nodes      |    B&B Tree     |            Objective Bounds              |  Dynamic Constraints |       Work      
Src  Proc. InQueue |  Leaves   Expl. | BestBound       BestSol              Gap |   Cuts   InLp Confl. | LpIters     Time

         0       0         0   0.00%   0               inf                  inf        0      0      0         0     5.9s
         0       0         0   0.00%   0               inf                  inf        0      0      2     13737    49.9s
         0       0         0   0.00%   0               inf                  inf      558     67      4     14024    55.8s
         0       0         0   0.00%   0               inf                  inf      651     71      7     14121    63.4s
         0       0         0   0.00%   0               inf                  inf      702     72      9     14142    69.3s
         0       0         0   0.00%   0               inf                  inf      774     74     12     14306    84.3s
         0       0         0   0.00%   0               inf                  inf      821     75    121     14321   197.7s

Solving report
  Status            Time limit reached
  Primal bound      inf
  Dual bound        0
  Gap               inf
  P-D integral      0
  Solution status   -
  Timing            197.67
  Max sub-MIP depth 0
  Nodes             0
  Repair LPs        0
  LP iterations     14321
                    0 (strong br.)
                    584 (separation)
                    0 (heuristics)
