Running HiGHS 1.12.0 (git hash: 755a8e0): Copyright (c) 2025 HiGHS under MIT licence terms
LP has 18313 rows; 18984 cols; 65232 nonzeros
Coefficient ranges:
  Matrix  [6e-03, 4e+02]
  Cost    [0e+00, 0e+00]
  Bound   [1e-01, 6e+02]
  RHS     [2e-01, 2e+03]
Solving LP without presolve or useful basis
Using EKK dual simplex solver - serial
  Iteration        Objective     Infeasibilities num(sum)
          0    -2.6030161667e-10 Pr: 201(33563.7) 0s
       3143     2.0923423547e-02 Pr: 652(5954.61); Du: 0(2.64262e-06) 6s
       4118     2.1033055274e-02 Pr: 361(1026.86); Du: 0(6.50466e-06) 12s
       4377     2.1049950048e-02 Pr: 565(9398.96); Du: 0(3.50782e-06) 17s
       5550     2.1098910141e-02 Pr: 224(1407.46); Du: 0(8.32023e-06) 22s
       6601     0.0000000000e+00 Pr: 0(0) 24s

Model status        : Optimal
Simplex   iterations: 6601
Objective value     :  0.0000000000e+00
P-D objective error :  0.0000000000e+00
HiGHS run time      :         24.23
